"../../../Engine/Content/EditorResources/S_Actor.ubulk" 0
"../../../Engine/Content/EditorResources/S_Actor.uasset" 1
"../../../Engine/Content/EditorResources/S_Actor.uexp" 2
"../../../Engine/Content/EditorResources/S_BoxReflectionCapture.uasset" 3
"../../../Engine/Content/EditorResources/S_BoxReflectionCapture.uexp" 4
"../../../Engine/Content/EngineResources/DefaultTexture.ubulk" 5
"../../../Engine/Content/EngineResources/DefaultTexture.uasset" 6
"../../../Engine/Content/EngineResources/DefaultTexture.uexp" 7
"../../../Engine/Content/EngineResources/DefaultTextureCube.uasset" 8
"../../../Engine/Content/EngineResources/DefaultTextureCube.uexp" 9
"../../../Engine/Content/EngineResources/DefaultVolumeTexture2D.uasset" 10
"../../../Engine/Content/EngineResources/DefaultVolumeTexture2D.uexp" 11
"../../../Engine/Content/EngineResources/DefaultVolumeTexture.uasset" 12
"../../../Engine/Content/EngineResources/DefaultVolumeTexture.uexp" 13
"../../../Engine/Content/EditorResources/S_Trigger.ubulk" 14
"../../../Engine/Content/EditorResources/S_Trigger.uasset" 15
"../../../Engine/Content/EditorResources/S_Trigger.uexp" 16
"../../../Engine/Content/EditorResources/S_TriggerBox.uasset" 17
"../../../Engine/Content/EditorResources/S_TriggerBox.uexp" 18
"../../../Engine/Content/EditorResources/S_TriggerCapsule.uasset" 19
"../../../Engine/Content/EditorResources/S_TriggerCapsule.uexp" 20
"../../../Engine/Content/EditorResources/S_TriggerSphere.uasset" 21
"../../../Engine/Content/EditorResources/S_TriggerSphere.uexp" 22
"../../../Engine/Content/EngineMeshes/Sphere.ubulk" 23
"../../../Engine/Content/EngineMeshes/Sphere.uasset" 24
"../../../Engine/Content/EngineMeshes/Sphere.uexp" 25
"../../../Engine/Content/EngineResources/GradientTexture0.uasset" 26
"../../../Engine/Content/EngineResources/GradientTexture0.uexp" 27
"../../../Engine/Content/EngineResources/Black.uasset" 28
"../../../Engine/Content/EngineResources/Black.uexp" 29
"../../../Engine/Content/VREditor/LaserPointer/VR_LaserPower_01.ubulk" 30
"../../../Engine/Content/VREditor/LaserPointer/VR_LaserPower_01.uasset" 31
"../../../Engine/Content/VREditor/LaserPointer/VR_LaserPower_01.uexp" 32
"../../../Engine/Content/VREditor/TransformGizmo/TransformGizmoMaterial.uasset" 33
"../../../Engine/Content/VREditor/TransformGizmo/TransformGizmoMaterial.uexp" 34
"../../../Engine/Content/VREditor/TransformGizmo/TranslucentTransformGizmoMaterial.uasset" 35
"../../../Engine/Content/VREditor/TransformGizmo/TranslucentTransformGizmoMaterial.uexp" 36
"../../../Engine/Content/VREditor/TransformGizmo/BoundingBoxCorner.ubulk" 37
"../../../Engine/Content/VREditor/TransformGizmo/BoundingBoxCorner.uasset" 38
"../../../Engine/Content/VREditor/TransformGizmo/BoundingBoxCorner.uexp" 39
"../../../Engine/Content/VREditor/TransformGizmo/BoundingBoxEdge.ubulk" 40
"../../../Engine/Content/VREditor/TransformGizmo/BoundingBoxEdge.uasset" 41
"../../../Engine/Content/VREditor/TransformGizmo/BoundingBoxEdge.uexp" 42
"../../../Engine/Content/VREditor/TransformGizmo/Main.uasset" 43
"../../../Engine/Content/VREditor/TransformGizmo/Main.uexp" 44
"../../../Engine/Content/VREditor/TransformGizmo/Xray.uasset" 45
"../../../Engine/Content/VREditor/TransformGizmo/Xray.uexp" 46
"../../../Engine/Content/VREditor/TransformGizmo/SM_Sequencer_Node.ubulk" 47
"../../../Engine/Content/VREditor/TransformGizmo/SM_Sequencer_Node.uasset" 48
"../../../Engine/Content/VREditor/TransformGizmo/SM_Sequencer_Node.uexp" 49
"../../../Engine/Content/EditorResources/S_Solver.ubulk" 50
"../../../Engine/Content/EditorResources/S_Solver.uasset" 51
"../../../Engine/Content/EditorResources/S_Solver.uexp" 52
"../../../Engine/Content/EditorMaterials/Camera/CineMat.uasset" 53
"../../../Engine/Content/EditorMaterials/Camera/CineMat.uexp" 54
"../../../Engine/Content/EditorMaterials/Camera/MI_CineMat_Rig.uasset" 55
"../../../Engine/Content/EditorMaterials/Camera/MI_CineMat_Rig.uexp" 56
"../../../Engine/Content/EditorMeshes/Camera/SM_CraneRig_Base.ubulk" 57
"../../../Engine/Content/EditorMeshes/Camera/SM_CraneRig_Base.uasset" 58
"../../../Engine/Content/EditorMeshes/Camera/SM_CraneRig_Base.uexp" 59
"../../../Engine/Content/EditorMeshes/Camera/SM_CraneRig_Arm.ubulk" 60
"../../../Engine/Content/EditorMeshes/Camera/SM_CraneRig_Arm.uasset" 61
"../../../Engine/Content/EditorMeshes/Camera/SM_CraneRig_Arm.uexp" 62
"../../../Engine/Content/EditorMeshes/Camera/SM_CraneRig_Mount.ubulk" 63
"../../../Engine/Content/EditorMeshes/Camera/SM_CraneRig_Mount.uasset" 64
"../../../Engine/Content/EditorMeshes/Camera/SM_CraneRig_Mount.uexp" 65
"../../../Engine/Content/EditorMeshes/Camera/SM_CraneRig_Body.ubulk" 66
"../../../Engine/Content/EditorMeshes/Camera/SM_CraneRig_Body.uasset" 67
"../../../Engine/Content/EditorMeshes/Camera/SM_CraneRig_Body.uexp" 68
"../../../Engine/Content/EditorMeshes/Camera/SM_RailRig_Track.ubulk" 69
"../../../Engine/Content/EditorMeshes/Camera/SM_RailRig_Track.uasset" 70
"../../../Engine/Content/EditorMeshes/Camera/SM_RailRig_Track.uexp" 71
"../../../Engine/Content/EditorMeshes/Camera/SM_RailRig_Mount.ubulk" 72
"../../../Engine/Content/EditorMeshes/Camera/SM_RailRig_Mount.uasset" 73
"../../../Engine/Content/EditorMeshes/Camera/SM_RailRig_Mount.uexp" 74
"../../../Engine/Content/EngineMaterials/T_Default_Material_Grid_M.ubulk" 75
"../../../Engine/Content/EngineMaterials/T_Default_Material_Grid_M.uasset" 76
"../../../Engine/Content/EngineMaterials/T_Default_Material_Grid_M.uexp" 77
"../../../Engine/Content/EngineMaterials/T_Default_Material_Grid_N.ubulk" 78
"../../../Engine/Content/EngineMaterials/T_Default_Material_Grid_N.uasset" 79
"../../../Engine/Content/EngineMaterials/T_Default_Material_Grid_N.uexp" 80
"../../../Engine/Content/Functions/Engine_MaterialFunctions01/Opacity/CameraDepthFade.uasset" 81
"../../../Engine/Content/Functions/Engine_MaterialFunctions01/Opacity/CameraDepthFade.uexp" 82
"../../../Engine/Content/EngineMaterials/WorldGridMaterial.uasset" 83
"../../../Engine/Content/EngineMaterials/WorldGridMaterial.uexp" 84
"../../../Engine/Content/ArtTools/RenderToTexture/Meshes/S_1_Unit_Plane.ubulk" 85
"../../../Engine/Content/ArtTools/RenderToTexture/Meshes/S_1_Unit_Plane.uasset" 86
"../../../Engine/Content/ArtTools/RenderToTexture/Meshes/S_1_Unit_Plane.uexp" 87
"../../../Engine/Content/EditorMaterials/ParticleSystems/PSysThumbnail_NoImage.ubulk" 88
"../../../Engine/Content/EditorMaterials/ParticleSystems/PSysThumbnail_NoImage.uasset" 89
"../../../Engine/Content/EditorMaterials/ParticleSystems/PSysThumbnail_NoImage.uexp" 90
"../../../Engine/Content/EditorMaterials/ParticleSystems/PSysThumbnail_OOD.ubulk" 91
"../../../Engine/Content/EditorMaterials/ParticleSystems/PSysThumbnail_OOD.uasset" 92
"../../../Engine/Content/EditorMaterials/ParticleSystems/PSysThumbnail_OOD.uexp" 93
"../../../Engine/Content/EditorLandscapeResources/SplineEditorMeshMat.uasset" 94
"../../../Engine/Content/EditorLandscapeResources/SplineEditorMeshMat.uexp" 95
"../../../Engine/Content/EditorLandscapeResources/SplineEditorMesh.ubulk" 96
"../../../Engine/Content/EditorLandscapeResources/SplineEditorMesh.uasset" 97
"../../../Engine/Content/EditorLandscapeResources/SplineEditorMesh.uexp" 98
"../../../Engine/Plugins/Media/MediaPlate/Content/SM_MediaPlateScreen.ubulk" 99
"../../../Engine/Plugins/Media/MediaPlate/Content/SM_MediaPlateScreen.uasset" 100
"../../../Engine/Plugins/Media/MediaPlate/Content/SM_MediaPlateScreen.uexp" 101
"../../../Engine/Content/EngineMaterials/DefaultBokeh.uasset" 102
"../../../Engine/Content/EngineMaterials/DefaultBokeh.uexp" 103
"../../../Engine/Content/EngineMaterials/MiniFont.uasset" 104
"../../../Engine/Content/EngineMaterials/MiniFont.uexp" 105
"../../../Engine/Content/EngineMaterials/WeightMapPlaceholderTexture.uasset" 106
"../../../Engine/Content/EngineMaterials/WeightMapPlaceholderTexture.uexp" 107
"../../../Engine/Content/EngineMaterials/WeightMapArrayPlaceholderTexture.uasset" 108
"../../../Engine/Content/EngineMaterials/WeightMapArrayPlaceholderTexture.uexp" 109
"../../../Engine/Content/EngineMaterials/DefaultWhiteGrid.ubulk" 110
"../../../Engine/Content/EngineMaterials/DefaultWhiteGrid.uasset" 111
"../../../Engine/Content/EngineMaterials/DefaultWhiteGrid.uexp" 112
"../../../Engine/Content/EngineMaterials/PreintegratedSkinBRDF.uasset" 113
"../../../Engine/Content/EngineMaterials/PreintegratedSkinBRDF.uexp" 114
"../../../Engine/Plugins/Runtime/MeshModelingToolset/Content/Materials/M_DynamicMeshComponentVtxColor.uasset" 115
"../../../Engine/Plugins/Runtime/MeshModelingToolset/Content/Materials/M_DynamicMeshComponentVtxColor.uexp" 116
"../../../Engine/Plugins/Interchange/Runtime/Content/Pipelines/DefaultTexturePipeline.uasset" 117
"../../../Engine/Plugins/Interchange/Runtime/Content/Pipelines/DefaultTexturePipeline.uexp" 118
"../../../Engine/Plugins/Interchange/Runtime/Content/Pipelines/DefaultSceneLevelPipeline.uasset" 119
"../../../Engine/Plugins/Interchange/Runtime/Content/Pipelines/DefaultSceneLevelPipeline.uexp" 120
"../../../Engine/Plugins/Interchange/Runtime/Content/Pipelines/DefaultSceneAssetsPipeline.uasset" 121
"../../../Engine/Plugins/Interchange/Runtime/Content/Pipelines/DefaultSceneAssetsPipeline.uexp" 122
"../../../Engine/Plugins/Interchange/Runtime/Content/Pipelines/DefaultMaterialXPipeline.uasset" 123
"../../../Engine/Plugins/Interchange/Runtime/Content/Pipelines/DefaultMaterialXPipeline.uexp" 124
"../../../Engine/Plugins/Interchange/Runtime/Content/Pipelines/DefaultMaterialPipeline.uasset" 125
"../../../Engine/Plugins/Interchange/Runtime/Content/Pipelines/DefaultMaterialPipeline.uexp" 126
"../../../Engine/Plugins/Interchange/Runtime/Content/Pipelines/DefaultGLTFSceneAssetsPipeline.uasset" 127
"../../../Engine/Plugins/Interchange/Runtime/Content/Pipelines/DefaultGLTFSceneAssetsPipeline.uexp" 128
"../../../Engine/Plugins/Interchange/Runtime/Content/Pipelines/DefaultGLTFPipeline.uasset" 129
"../../../Engine/Plugins/Interchange/Runtime/Content/Pipelines/DefaultGLTFPipeline.uexp" 130
"../../../Engine/Plugins/Interchange/Runtime/Content/Pipelines/DefaultGLTFAssetsPipeline.uasset" 131
"../../../Engine/Plugins/Interchange/Runtime/Content/Pipelines/DefaultGLTFAssetsPipeline.uexp" 132
"../../../Engine/Plugins/Interchange/Runtime/Content/Pipelines/DefaultAssetsPipeline.uasset" 133
"../../../Engine/Plugins/Interchange/Runtime/Content/Pipelines/DefaultAssetsPipeline.uexp" 134
"../../../Engine/Plugins/Interchange/Runtime/Content/Functions/MX_UsdPreviewSurface.uasset" 135
"../../../Engine/Plugins/Interchange/Runtime/Content/Functions/MX_UsdPreviewSurface.uexp" 136
"../../../Engine/Plugins/Interchange/Runtime/Content/Functions/MX_UniformEDF.uasset" 137
"../../../Engine/Plugins/Interchange/Runtime/Content/Functions/MX_UniformEDF.uexp" 138
"../../../Engine/Plugins/Interchange/Runtime/Content/Functions/MX_TranslucentBSDF.uasset" 139
"../../../Engine/Plugins/Interchange/Runtime/Content/Functions/MX_TranslucentBSDF.uexp" 140
"../../../Engine/Plugins/Interchange/Runtime/Content/Functions/MX_ThinFilmBSDF.uasset" 141
"../../../Engine/Plugins/Interchange/Runtime/Content/Functions/MX_ThinFilmBSDF.uexp" 142
"../../../Engine/Plugins/Interchange/Runtime/Content/Functions/MX_SurfaceUnlit.uasset" 143
"../../../Engine/Plugins/Interchange/Runtime/Content/Functions/MX_SurfaceUnlit.uexp" 144
"../../../Engine/Plugins/Interchange/Runtime/Content/Functions/MX_Surface.uasset" 145
"../../../Engine/Plugins/Interchange/Runtime/Content/Functions/MX_Surface.uexp" 146
"../../../Engine/Plugins/Interchange/Runtime/Content/Functions/MX_SubsurfaceBSDF.uasset" 147
"../../../Engine/Plugins/Interchange/Runtime/Content/Functions/MX_SubsurfaceBSDF.uexp" 148
"../../../Engine/Plugins/Interchange/Runtime/Content/Functions/MX_SheenBSDF.uasset" 149
"../../../Engine/Plugins/Interchange/Runtime/Content/Functions/MX_SheenBSDF.uexp" 150
"../../../Engine/Plugins/Interchange/Runtime/Content/Functions/MX_OrenNayarBSDF.uasset" 151
"../../../Engine/Plugins/Interchange/Runtime/Content/Functions/MX_OrenNayarBSDF.uexp" 152
"../../../Engine/Content/Functions/Engine_MaterialFunctions02/Utility/CameraDirectionVector.uasset" 153
"../../../Engine/Content/Functions/Engine_MaterialFunctions02/Utility/CameraDirectionVector.uexp" 154
"../../../Engine/Content/Functions/Engine_MaterialFunctions01/Volumetrics/BeersLaw.uasset" 155
"../../../Engine/Content/Functions/Engine_MaterialFunctions01/Volumetrics/BeersLaw.uexp" 156
"../../../Engine/Content/EngineMaterials/Good64x64TilingNoiseHighFreq.uasset" 157
"../../../Engine/Content/EngineMaterials/Good64x64TilingNoiseHighFreq.uexp" 158
"../../../Engine/Content/Functions/Engine_MaterialFunctions02/Texturing/ScreenAlignedPixelToPixelUVs.uasset" 159
"../../../Engine/Content/Functions/Engine_MaterialFunctions02/Texturing/ScreenAlignedPixelToPixelUVs.uexp" 160
"../../../Engine/Plugins/Interchange/Runtime/Content/gltf/MaterialFunctions/MF_Temporal_Blur.uasset" 161
"../../../Engine/Plugins/Interchange/Runtime/Content/gltf/MaterialFunctions/MF_Temporal_Blur.uexp" 162
"../../../Engine/Plugins/Interchange/Runtime/Content/gltf/MaterialFunctions/MF_Fresnel_DS.uasset" 163
"../../../Engine/Plugins/Interchange/Runtime/Content/gltf/MaterialFunctions/MF_Fresnel_DS.uexp" 164
"../../../Engine/Content/Functions/Engine_MaterialFunctions02/Utility/BreakOutFloat3Components.uasset" 165
"../../../Engine/Content/Functions/Engine_MaterialFunctions02/Utility/BreakOutFloat3Components.uexp" 166
"../../../Engine/Plugins/Interchange/Runtime/Content/Functions/MX_Transmission.uasset" 167
"../../../Engine/Plugins/Interchange/Runtime/Content/Functions/MX_Transmission.uexp" 168
"../../../Engine/Plugins/Interchange/Runtime/Content/Functions/MF_OrenNayerView.uasset" 169
"../../../Engine/Plugins/Interchange/Runtime/Content/Functions/MF_OrenNayerView.uexp" 170
"../../../Engine/Plugins/Interchange/Runtime/Content/Functions/MF_SchlickApprox.uasset" 171
"../../../Engine/Plugins/Interchange/Runtime/Content/Functions/MF_SchlickApprox.uexp" 172
"../../../Engine/Plugins/Interchange/Runtime/Content/Utilities/New_LUT.uasset" 173
"../../../Engine/Plugins/Interchange/Runtime/Content/Utilities/New_LUT.uexp" 174
"../../../Engine/Content/Functions/Engine_MaterialFunctions03/Math/RemapValueRange.uasset" 175
"../../../Engine/Content/Functions/Engine_MaterialFunctions03/Math/RemapValueRange.uexp" 176
"../../../Engine/Plugins/Interchange/Runtime/Content/Functions/MF_Iridescence.uasset" 177
"../../../Engine/Plugins/Interchange/Runtime/Content/Functions/MF_Iridescence.uexp" 178
"../../../Engine/Plugins/Interchange/Runtime/Content/Functions/MX_StandardSurface.uasset" 179
"../../../Engine/Plugins/Interchange/Runtime/Content/Functions/MX_StandardSurface.uexp" 180
"../../../Engine/Plugins/Interchange/Runtime/Content/Functions/MX_TransmissionSurface.uasset" 181
"../../../Engine/Plugins/Interchange/Runtime/Content/Functions/MX_TransmissionSurface.uexp" 182
"../../../Engine/Plugins/Interchange/Runtime/Content/Functions/MX_OpenPBR_Translucent.uasset" 183
"../../../Engine/Plugins/Interchange/Runtime/Content/Functions/MX_OpenPBR_Translucent.uexp" 184
"../../../Engine/Plugins/Interchange/Runtime/Content/Functions/MX_OpenPBR_Opaque.uasset" 185
"../../../Engine/Plugins/Interchange/Runtime/Content/Functions/MX_OpenPBR_Opaque.uexp" 186
"../../../Engine/Plugins/Interchange/Runtime/Content/Functions/MX_MeasuredEDF.uasset" 187
"../../../Engine/Plugins/Interchange/Runtime/Content/Functions/MX_MeasuredEDF.uexp" 188
"../../../Engine/Plugins/Interchange/Runtime/Content/Functions/MX_GeneralizedSchlickBSDF.uasset" 189
"../../../Engine/Plugins/Interchange/Runtime/Content/Functions/MX_GeneralizedSchlickBSDF.uexp" 190
"../../../Engine/Plugins/Interchange/Runtime/Content/Functions/MX_DielectricBSDF.uasset" 191
"../../../Engine/Plugins/Interchange/Runtime/Content/Functions/MX_DielectricBSDF.uexp" 192
"../../../Engine/Plugins/Interchange/Runtime/Content/Functions/MX_ConicalEDF.uasset" 193
"../../../Engine/Plugins/Interchange/Runtime/Content/Functions/MX_ConicalEDF.uexp" 194
"../../../Engine/Plugins/Interchange/Runtime/Content/Functions/MX_ConductorBSDF.uasset" 195
"../../../Engine/Plugins/Interchange/Runtime/Content/Functions/MX_ConductorBSDF.uexp" 196
"../../../Engine/Plugins/Interchange/Runtime/Content/Functions/MX_BurleyDiffuseBSDF.uasset" 197
"../../../Engine/Plugins/Interchange/Runtime/Content/Functions/MX_BurleyDiffuseBSDF.uexp" 198
"../../../Engine/Plugins/Interchange/Runtime/Content/Functions/MX_AnisotropicVDF.uasset" 199
"../../../Engine/Plugins/Interchange/Runtime/Content/Functions/MX_AnisotropicVDF.uexp" 200
"../../../Engine/Plugins/Interchange/Runtime/Content/Functions/MX_AbsorptionVDF.uasset" 201
"../../../Engine/Plugins/Interchange/Runtime/Content/Functions/MX_AbsorptionVDF.uexp" 202
"../../../Engine/Plugins/Editor/SpeedTreeImporter/Content/SpeedTree9/game_wind_noise.ubulk" 203
"../../../Engine/Plugins/Editor/SpeedTreeImporter/Content/SpeedTree9/game_wind_noise.uasset" 204
"../../../Engine/Plugins/Editor/SpeedTreeImporter/Content/SpeedTree9/game_wind_noise.uexp" 205
"../../../Engine/Plugins/Editor/SpeedTreeImporter/Content/SpeedTree9/UnpackDirection.uasset" 206
"../../../Engine/Plugins/Editor/SpeedTreeImporter/Content/SpeedTree9/UnpackDirection.uexp" 207
"../../../Engine/Content/Functions/Engine_MaterialFunctions02/ObjectLocalBounds.uasset" 208
"../../../Engine/Content/Functions/Engine_MaterialFunctions02/ObjectLocalBounds.uexp" 209
"../../../Engine/Content/Functions/Engine_MaterialFunctions02/UVs/BoundingBoxBased_0-1_UVW.uasset" 210
"../../../Engine/Content/Functions/Engine_MaterialFunctions02/UVs/BoundingBoxBased_0-1_UVW.uexp" 211
"../../../Engine/Content/Functions/Engine_MaterialFunctions02/Utility/VectorLength.uasset" 212
"../../../Engine/Content/Functions/Engine_MaterialFunctions02/Utility/VectorLength.uexp" 213
"../../../Engine/Plugins/Editor/SpeedTreeImporter/Content/SpeedTree9/UnpackInteger3.uasset" 214
"../../../Engine/Plugins/Editor/SpeedTreeImporter/Content/SpeedTree9/UnpackInteger3.uexp" 215
"../../../Engine/Plugins/Editor/SpeedTreeImporter/Content/SpeedTree9/SpeedTreeCameraFacing.uasset" 216
"../../../Engine/Plugins/Editor/SpeedTreeImporter/Content/SpeedTree9/SpeedTreeCameraFacing.uexp" 217
"../../../Engine/Content/Functions/Engine_MaterialFunctions02/WorldPositionOffset/ObjectScale.uasset" 218
"../../../Engine/Content/Functions/Engine_MaterialFunctions02/WorldPositionOffset/ObjectScale.uexp" 219
"../../../Engine/Content/Functions/Engine_MaterialFunctions02/SafeNormalize.uasset" 220
"../../../Engine/Content/Functions/Engine_MaterialFunctions02/SafeNormalize.uexp" 221
"../../../Engine/Plugins/Editor/SpeedTreeImporter/Content/SpeedTree9/SpeedTreeWindMotion.uasset" 222
"../../../Engine/Plugins/Editor/SpeedTreeImporter/Content/SpeedTree9/SpeedTreeWindMotion.uexp" 223
"../../../Engine/Plugins/Editor/SpeedTreeImporter/Content/SpeedTree9/SpeedTreeBranchMotion.uasset" 224
"../../../Engine/Plugins/Editor/SpeedTreeImporter/Content/SpeedTree9/SpeedTreeBranchMotion.uexp" 225
"../../../Engine/Plugins/Editor/SpeedTreeImporter/Content/SpeedTree9/SpeedTreeWind.uasset" 226
"../../../Engine/Plugins/Editor/SpeedTreeImporter/Content/SpeedTree9/SpeedTreeWind.uexp" 227
"../../../Engine/Plugins/Editor/SpeedTreeImporter/Content/SpeedTree9/EmptyNormal.uasset" 228
"../../../Engine/Plugins/Editor/SpeedTreeImporter/Content/SpeedTree9/EmptyNormal.uexp" 229
"../../../Engine/Plugins/Editor/SpeedTreeImporter/Content/SpeedTree9/Empty.uasset" 230
"../../../Engine/Plugins/Editor/SpeedTreeImporter/Content/SpeedTree9/Empty.uexp" 231
"../../../Engine/Plugins/Editor/SpeedTreeImporter/Content/SpeedTree9/SpeedTreeMaster.uasset" 232
"../../../Engine/Plugins/Editor/SpeedTreeImporter/Content/SpeedTree9/SpeedTreeMaster.uexp" 233
"../../../Engine/Plugins/Editor/SpeedTreeImporter/Content/SpeedTree9/SpeedTreeBillboard.uasset" 234
"../../../Engine/Plugins/Editor/SpeedTreeImporter/Content/SpeedTree9/SpeedTreeBillboard.uexp" 235
"../../../Engine/Plugins/Editor/SpeedTreeImporter/Content/SpeedTree9/SpeedTreeBillboardMaster.uasset" 236
"../../../Engine/Plugins/Editor/SpeedTreeImporter/Content/SpeedTree9/SpeedTreeBillboardMaster.uexp" 237
"../../../Engine/Content/Functions/Engine_MaterialFunctions02/WorldPositionOffset/CameraOffset.uasset" 238
"../../../Engine/Content/Functions/Engine_MaterialFunctions02/WorldPositionOffset/CameraOffset.uexp" 239
"../../../Engine/Plugins/Animation/ControlRig/Content/M_Manip.uasset" 240
"../../../Engine/Plugins/Animation/ControlRig/Content/M_Manip.uexp" 241
"../../../Engine/Plugins/Animation/ControlRig/Content/Controls/DefaultGizmoLibraryNormalized.uasset" 242
"../../../Engine/Plugins/Animation/ControlRig/Content/Controls/DefaultGizmoLibraryNormalized.uexp" 243
"../../../Engine/Plugins/Animation/ControlRig/Content/Controls/ControlRig_Wedge_solid.ubulk" 244
"../../../Engine/Plugins/Animation/ControlRig/Content/Controls/ControlRig_Wedge_solid.uasset" 245
"../../../Engine/Plugins/Animation/ControlRig/Content/Controls/ControlRig_Wedge_solid.uexp" 246
"../../../Engine/Plugins/Animation/ControlRig/Content/Controls/ControlRig_Wedge_3mm.ubulk" 247
"../../../Engine/Plugins/Animation/ControlRig/Content/Controls/ControlRig_Wedge_3mm.uasset" 248
"../../../Engine/Plugins/Animation/ControlRig/Content/Controls/ControlRig_Wedge_3mm.uexp" 249
"../../../Engine/Plugins/Animation/ControlRig/Content/Controls/ControlRig_Wedge_1mm.ubulk" 250
"../../../Engine/Plugins/Animation/ControlRig/Content/Controls/ControlRig_Wedge_1mm.uasset" 251
"../../../Engine/Plugins/Animation/ControlRig/Content/Controls/ControlRig_Wedge_1mm.uexp" 252
"../../../Engine/Plugins/Animation/ControlRig/Content/Controls/ControlRig_Triangle_solid.ubulk" 253
"../../../Engine/Plugins/Animation/ControlRig/Content/Controls/ControlRig_Triangle_solid.uasset" 254
"../../../Engine/Plugins/Animation/ControlRig/Content/Controls/ControlRig_Triangle_solid.uexp" 255
"../../../Engine/Plugins/Animation/ControlRig/Content/Controls/ControlRig_Triangle_3mm.ubulk" 256
"../../../Engine/Plugins/Animation/ControlRig/Content/Controls/ControlRig_Triangle_3mm.uasset" 257
"../../../Engine/Plugins/Animation/ControlRig/Content/Controls/ControlRig_Triangle_3mm.uexp" 258
"../../../Engine/Plugins/Animation/ControlRig/Content/Controls/ControlRig_Triangle_1mm.ubulk" 259
"../../../Engine/Plugins/Animation/ControlRig/Content/Controls/ControlRig_Triangle_1mm.uasset" 260
"../../../Engine/Plugins/Animation/ControlRig/Content/Controls/ControlRig_Triangle_1mm.uexp" 261
"../../../Engine/Plugins/Animation/ControlRig/Content/Controls/ControlRig_Star4_solid.ubulk" 262
"../../../Engine/Plugins/Animation/ControlRig/Content/Controls/ControlRig_Star4_solid.uasset" 263
"../../../Engine/Plugins/Animation/ControlRig/Content/Controls/ControlRig_Star4_solid.uexp" 264
"../../../Engine/Plugins/Animation/ControlRig/Content/Controls/ControlRig_Star4_3mm.ubulk" 265
"../../../Engine/Plugins/Animation/ControlRig/Content/Controls/ControlRig_Star4_3mm.uasset" 266
"../../../Engine/Plugins/Animation/ControlRig/Content/Controls/ControlRig_Star4_3mm.uexp" 267
"../../../Engine/Plugins/Animation/ControlRig/Content/Controls/ControlRig_Star4_1mm.ubulk" 268
"../../../Engine/Plugins/Animation/ControlRig/Content/Controls/ControlRig_Star4_1mm.uasset" 269
"../../../Engine/Plugins/Animation/ControlRig/Content/Controls/ControlRig_Star4_1mm.uexp" 270
"../../../Engine/Plugins/Animation/ControlRig/Content/Controls/ControlRig_Square_solid.ubulk" 271
"../../../Engine/Plugins/Animation/ControlRig/Content/Controls/ControlRig_Square_solid.uasset" 272
"../../../Engine/Plugins/Animation/ControlRig/Content/Controls/ControlRig_Square_solid.uexp" 273
"../../../Engine/Plugins/Animation/ControlRig/Content/Controls/ControlRig_Square_3mm.ubulk" 274
"../../../Engine/Plugins/Animation/ControlRig/Content/Controls/ControlRig_Square_3mm.uasset" 275
"../../../Engine/Plugins/Animation/ControlRig/Content/Controls/ControlRig_Square_3mm.uexp" 276
"../../../Engine/Plugins/Animation/ControlRig/Content/Controls/ControlRig_Square_1mm.ubulk" 277
"../../../Engine/Plugins/Animation/ControlRig/Content/Controls/ControlRig_Square_1mm.uasset" 278
"../../../Engine/Plugins/Animation/ControlRig/Content/Controls/ControlRig_Square_1mm.uexp" 279
"../../../Engine/Plugins/Animation/ControlRig/Content/Controls/ControlRig_Sphere_solid.ubulk" 280
"../../../Engine/Plugins/Animation/ControlRig/Content/Controls/ControlRig_Sphere_solid.uasset" 281
"../../../Engine/Plugins/Animation/ControlRig/Content/Controls/ControlRig_Sphere_solid.uexp" 282
"../../../Engine/Plugins/Animation/ControlRig/Content/Controls/ControlRig_Sphere_3mm.ubulk" 283
"../../../Engine/Plugins/Animation/ControlRig/Content/Controls/ControlRig_Sphere_3mm.uasset" 284
"../../../Engine/Plugins/Animation/ControlRig/Content/Controls/ControlRig_Sphere_3mm.uexp" 285
"../../../Engine/Plugins/Animation/ControlRig/Content/Controls/ControlRig_Sphere_1mm.ubulk" 286
"../../../Engine/Plugins/Animation/ControlRig/Content/Controls/ControlRig_Sphere_1mm.uasset" 287
"../../../Engine/Plugins/Animation/ControlRig/Content/Controls/ControlRig_Sphere_1mm.uexp" 288
"../../../Engine/Plugins/Animation/ControlRig/Content/Controls/ControlRig_RoundedTriangle_solid.ubulk" 289
"../../../Engine/Plugins/Animation/ControlRig/Content/Controls/ControlRig_RoundedTriangle_solid.uasset" 290
"../../../Engine/Plugins/Animation/ControlRig/Content/Controls/ControlRig_RoundedTriangle_solid.uexp" 291
"../../../Engine/Plugins/Animation/ControlRig/Content/Controls/ControlRig_RoundedTriangle_3mm.ubulk" 292
"../../../Engine/Plugins/Animation/ControlRig/Content/Controls/ControlRig_RoundedTriangle_3mm.uasset" 293
"../../../Engine/Plugins/Animation/ControlRig/Content/Controls/ControlRig_RoundedTriangle_3mm.uexp" 294
"../../../Engine/Plugins/Animation/ControlRig/Content/Controls/ControlRig_RoundedTriangle_1mm.ubulk" 295
"../../../Engine/Plugins/Animation/ControlRig/Content/Controls/ControlRig_RoundedTriangle_1mm.uasset" 296
"../../../Engine/Plugins/Animation/ControlRig/Content/Controls/ControlRig_RoundedTriangle_1mm.uexp" 297
"../../../Engine/Plugins/Animation/ControlRig/Content/Controls/ControlRig_RoundedSquare_solid.ubulk" 298
"../../../Engine/Plugins/Animation/ControlRig/Content/Controls/ControlRig_RoundedSquare_solid.uasset" 299
"../../../Engine/Plugins/Animation/ControlRig/Content/Controls/ControlRig_RoundedSquare_solid.uexp" 300
"../../../Engine/Plugins/Animation/ControlRig/Content/Controls/ControlRig_RoundedSquare_3mm.ubulk" 301
"../../../Engine/Plugins/Animation/ControlRig/Content/Controls/ControlRig_RoundedSquare_3mm.uasset" 302
"../../../Engine/Plugins/Animation/ControlRig/Content/Controls/ControlRig_RoundedSquare_3mm.uexp" 303
"../../../Engine/Plugins/Animation/ControlRig/Content/Controls/ControlRig_RoundedSquare_1mm.ubulk" 304
"../../../Engine/Plugins/Animation/ControlRig/Content/Controls/ControlRig_RoundedSquare_1mm.uasset" 305
"../../../Engine/Plugins/Animation/ControlRig/Content/Controls/ControlRig_RoundedSquare_1mm.uexp" 306
"../../../Engine/Plugins/Animation/ControlRig/Content/Controls/ControlRig_QuarterCircle_solid.ubulk" 307
"../../../Engine/Plugins/Animation/ControlRig/Content/Controls/ControlRig_QuarterCircle_solid.uasset" 308
"../../../Engine/Plugins/Animation/ControlRig/Content/Controls/ControlRig_QuarterCircle_solid.uexp" 309
"../../../Engine/Plugins/Animation/ControlRig/Content/Controls/ControlRig_QuarterCircle_3mm.ubulk" 310
"../../../Engine/Plugins/Animation/ControlRig/Content/Controls/ControlRig_QuarterCircle_3mm.uasset" 311
"../../../Engine/Plugins/Animation/ControlRig/Content/Controls/ControlRig_QuarterCircle_3mm.uexp" 312
"../../../Engine/Plugins/Animation/ControlRig/Content/Controls/ControlRig_QuarterCircle_1mm.ubulk" 313
"../../../Engine/Plugins/Animation/ControlRig/Content/Controls/ControlRig_QuarterCircle_1mm.uasset" 314
"../../../Engine/Plugins/Animation/ControlRig/Content/Controls/ControlRig_QuarterCircle_1mm.uexp" 315
"../../../Engine/Plugins/Animation/ControlRig/Content/Controls/ControlRig_Pyramid_solid.ubulk" 316
"../../../Engine/Plugins/Animation/ControlRig/Content/Controls/ControlRig_Pyramid_solid.uasset" 317
"../../../Engine/Plugins/Animation/ControlRig/Content/Controls/ControlRig_Pyramid_solid.uexp" 318
"../../../Engine/Plugins/Animation/ControlRig/Content/Controls/ControlRig_Pyramid_3mm.ubulk" 319
"../../../Engine/Plugins/Animation/ControlRig/Content/Controls/ControlRig_Pyramid_3mm.uasset" 320
"../../../Engine/Plugins/Animation/ControlRig/Content/Controls/ControlRig_Pyramid_3mm.uexp" 321
"../../../Engine/Plugins/Animation/ControlRig/Content/Controls/ControlRig_Pyramid_1mm.ubulk" 322
"../../../Engine/Plugins/Animation/ControlRig/Content/Controls/ControlRig_Pyramid_1mm.uasset" 323
"../../../Engine/Plugins/Animation/ControlRig/Content/Controls/ControlRig_Pyramid_1mm.uexp" 324
"../../../Engine/Plugins/Animation/ControlRig/Content/Controls/ControlRig_Octagon_solid.ubulk" 325
"../../../Engine/Plugins/Animation/ControlRig/Content/Controls/ControlRig_Octagon_solid.uasset" 326
"../../../Engine/Plugins/Animation/ControlRig/Content/Controls/ControlRig_Octagon_solid.uexp" 327
"../../../Engine/Plugins/Animation/ControlRig/Content/Controls/ControlRig_Octagon_3mm.ubulk" 328
"../../../Engine/Plugins/Animation/ControlRig/Content/Controls/ControlRig_Octagon_3mm.uasset" 329
"../../../Engine/Plugins/Animation/ControlRig/Content/Controls/ControlRig_Octagon_3mm.uexp" 330
"../../../Engine/Plugins/Animation/ControlRig/Content/Controls/ControlRig_Octagon_1mm.ubulk" 331
"../../../Engine/Plugins/Animation/ControlRig/Content/Controls/ControlRig_Octagon_1mm.uasset" 332
"../../../Engine/Plugins/Animation/ControlRig/Content/Controls/ControlRig_Octagon_1mm.uexp" 333
"../../../Engine/Plugins/Animation/ControlRig/Content/Controls/ControlRig_Hexagon_solid.ubulk" 334
"../../../Engine/Plugins/Animation/ControlRig/Content/Controls/ControlRig_Hexagon_solid.uasset" 335
"../../../Engine/Plugins/Animation/ControlRig/Content/Controls/ControlRig_Hexagon_solid.uexp" 336
"../../../Engine/Plugins/Animation/ControlRig/Content/Controls/ControlRig_Hexagon_3mm.ubulk" 337
"../../../Engine/Plugins/Animation/ControlRig/Content/Controls/ControlRig_Hexagon_3mm.uasset" 338
"../../../Engine/Plugins/Animation/ControlRig/Content/Controls/ControlRig_Hexagon_3mm.uexp" 339
"../../../Engine/Plugins/Animation/ControlRig/Content/Controls/ControlRig_Hexagon_1mm.ubulk" 340
"../../../Engine/Plugins/Animation/ControlRig/Content/Controls/ControlRig_Hexagon_1mm.uasset" 341
"../../../Engine/Plugins/Animation/ControlRig/Content/Controls/ControlRig_Hexagon_1mm.uexp" 342
"../../../Engine/Plugins/Animation/ControlRig/Content/Controls/ControlRig_HalfCircle_solid.ubulk" 343
"../../../Engine/Plugins/Animation/ControlRig/Content/Controls/ControlRig_HalfCircle_solid.uasset" 344
"../../../Engine/Plugins/Animation/ControlRig/Content/Controls/ControlRig_HalfCircle_solid.uexp" 345
"../../../Engine/Plugins/Animation/ControlRig/Content/Controls/ControlRig_HalfCircle_3mm.ubulk" 346
"../../../Engine/Plugins/Animation/ControlRig/Content/Controls/ControlRig_HalfCircle_3mm.uasset" 347
"../../../Engine/Plugins/Animation/ControlRig/Content/Controls/ControlRig_HalfCircle_3mm.uexp" 348
"../../../Engine/Plugins/Animation/ControlRig/Content/Controls/ControlRig_HalfCircle_1mm.ubulk" 349
"../../../Engine/Plugins/Animation/ControlRig/Content/Controls/ControlRig_HalfCircle_1mm.uasset" 350
"../../../Engine/Plugins/Animation/ControlRig/Content/Controls/ControlRig_HalfCircle_1mm.uexp" 351
"../../../Engine/Plugins/Animation/ControlRig/Content/Controls/ControlRig_Diamond_solid.ubulk" 352
"../../../Engine/Plugins/Animation/ControlRig/Content/Controls/ControlRig_Diamond_solid.uasset" 353
"../../../Engine/Plugins/Animation/ControlRig/Content/Controls/ControlRig_Diamond_solid.uexp" 354
"../../../Engine/Plugins/Animation/ControlRig/Content/Controls/ControlRig_Diamond_3mm.ubulk" 355
"../../../Engine/Plugins/Animation/ControlRig/Content/Controls/ControlRig_Diamond_3mm.uasset" 356
"../../../Engine/Plugins/Animation/ControlRig/Content/Controls/ControlRig_Diamond_3mm.uexp" 357
"../../../Engine/Plugins/Animation/ControlRig/Content/Controls/ControlRig_Diamond_1mm.ubulk" 358
"../../../Engine/Plugins/Animation/ControlRig/Content/Controls/ControlRig_Diamond_1mm.uasset" 359
"../../../Engine/Plugins/Animation/ControlRig/Content/Controls/ControlRig_Diamond_1mm.uexp" 360
"../../../Engine/Plugins/Animation/ControlRig/Content/Controls/ControlRig_Circle_solid.ubulk" 361
"../../../Engine/Plugins/Animation/ControlRig/Content/Controls/ControlRig_Circle_solid.uasset" 362
"../../../Engine/Plugins/Animation/ControlRig/Content/Controls/ControlRig_Circle_solid.uexp" 363
"../../../Engine/Plugins/Animation/ControlRig/Content/Controls/ControlRig_Circle_3mm.ubulk" 364
"../../../Engine/Plugins/Animation/ControlRig/Content/Controls/ControlRig_Circle_3mm.uasset" 365
"../../../Engine/Plugins/Animation/ControlRig/Content/Controls/ControlRig_Circle_3mm.uexp" 366
"../../../Engine/Plugins/Animation/ControlRig/Content/Controls/ControlRig_Circle_1mm.ubulk" 367
"../../../Engine/Plugins/Animation/ControlRig/Content/Controls/ControlRig_Circle_1mm.uasset" 368
"../../../Engine/Plugins/Animation/ControlRig/Content/Controls/ControlRig_Circle_1mm.uexp" 369
"../../../Engine/Plugins/Animation/ControlRig/Content/Controls/ControlRig_Box_solid.ubulk" 370
"../../../Engine/Plugins/Animation/ControlRig/Content/Controls/ControlRig_Box_solid.uasset" 371
"../../../Engine/Plugins/Animation/ControlRig/Content/Controls/ControlRig_Box_solid.uexp" 372
"../../../Engine/Plugins/Animation/ControlRig/Content/Controls/ControlRig_Box_3mm.ubulk" 373
"../../../Engine/Plugins/Animation/ControlRig/Content/Controls/ControlRig_Box_3mm.uasset" 374
"../../../Engine/Plugins/Animation/ControlRig/Content/Controls/ControlRig_Box_3mm.uexp" 375
"../../../Engine/Plugins/Animation/ControlRig/Content/Controls/ControlRig_Box_1mm.ubulk" 376
"../../../Engine/Plugins/Animation/ControlRig/Content/Controls/ControlRig_Box_1mm.uasset" 377
"../../../Engine/Plugins/Animation/ControlRig/Content/Controls/ControlRig_Box_1mm.uexp" 378
"../../../Engine/Plugins/Animation/ControlRig/Content/Controls/ControlRig_Arrow_solid.ubulk" 379
"../../../Engine/Plugins/Animation/ControlRig/Content/Controls/ControlRig_Arrow_solid.uasset" 380
"../../../Engine/Plugins/Animation/ControlRig/Content/Controls/ControlRig_Arrow_solid.uexp" 381
"../../../Engine/Plugins/Animation/ControlRig/Content/Controls/ControlRig_Arrow_3mm.ubulk" 382
"../../../Engine/Plugins/Animation/ControlRig/Content/Controls/ControlRig_Arrow_3mm.uasset" 383
"../../../Engine/Plugins/Animation/ControlRig/Content/Controls/ControlRig_Arrow_3mm.uexp" 384
"../../../Engine/Plugins/Animation/ControlRig/Content/Controls/ControlRig_Arrow_1mm.ubulk" 385
"../../../Engine/Plugins/Animation/ControlRig/Content/Controls/ControlRig_Arrow_1mm.uasset" 386
"../../../Engine/Plugins/Animation/ControlRig/Content/Controls/ControlRig_Arrow_1mm.uexp" 387
"../../../Engine/Plugins/Animation/ControlRig/Content/Controls/ControlRig_Arrow4_solid.ubulk" 388
"../../../Engine/Plugins/Animation/ControlRig/Content/Controls/ControlRig_Arrow4_solid.uasset" 389
"../../../Engine/Plugins/Animation/ControlRig/Content/Controls/ControlRig_Arrow4_solid.uexp" 390
"../../../Engine/Plugins/Animation/ControlRig/Content/Controls/ControlRig_Arrow4_3mm.ubulk" 391
"../../../Engine/Plugins/Animation/ControlRig/Content/Controls/ControlRig_Arrow4_3mm.uasset" 392
"../../../Engine/Plugins/Animation/ControlRig/Content/Controls/ControlRig_Arrow4_3mm.uexp" 393
"../../../Engine/Plugins/Animation/ControlRig/Content/Controls/ControlRig_Arrow4_1mm.ubulk" 394
"../../../Engine/Plugins/Animation/ControlRig/Content/Controls/ControlRig_Arrow4_1mm.uasset" 395
"../../../Engine/Plugins/Animation/ControlRig/Content/Controls/ControlRig_Arrow4_1mm.uexp" 396
"../../../Engine/Plugins/Animation/ControlRig/Content/Controls/ControlRig_Arrow2_solid.ubulk" 397
"../../../Engine/Plugins/Animation/ControlRig/Content/Controls/ControlRig_Arrow2_solid.uasset" 398
"../../../Engine/Plugins/Animation/ControlRig/Content/Controls/ControlRig_Arrow2_solid.uexp" 399
"../../../Engine/Plugins/Animation/ControlRig/Content/Controls/ControlRig_Arrow2_3mm.ubulk" 400
"../../../Engine/Plugins/Animation/ControlRig/Content/Controls/ControlRig_Arrow2_3mm.uasset" 401
"../../../Engine/Plugins/Animation/ControlRig/Content/Controls/ControlRig_Arrow2_3mm.uexp" 402
"../../../Engine/Plugins/Animation/ControlRig/Content/Controls/ControlRig_Arrow2_1mm.ubulk" 403
"../../../Engine/Plugins/Animation/ControlRig/Content/Controls/ControlRig_Arrow2_1mm.uasset" 404
"../../../Engine/Plugins/Animation/ControlRig/Content/Controls/ControlRig_Arrow2_1mm.uexp" 405
"../../../Engine/Plugins/Animation/ControlRig/Content/Controls/ControlRigXRayMaterial.uasset" 406
"../../../Engine/Plugins/Animation/ControlRig/Content/Controls/ControlRigXRayMaterial.uexp" 407
"../../../Engine/Plugins/Animation/ControlRig/Content/Controls/ControlRigGizmoMaterial.uasset" 408
"../../../Engine/Plugins/Animation/ControlRig/Content/Controls/ControlRigGizmoMaterial.uexp" 409
"../../../Engine/Plugins/Animation/ACLPlugin/Content/ACLAnimCurveCompressionSettings.uasset" 410
"../../../Engine/Plugins/Animation/ACLPlugin/Content/ACLAnimCurveCompressionSettings.uexp" 411
"../../../Engine/Plugins/Animation/ACLPlugin/Content/ACLAnimBoneCompressionSettings.uasset" 412
"../../../Engine/Plugins/Animation/ACLPlugin/Content/ACLAnimBoneCompressionSettings.uexp" 413
"../../../Engine/Plugins/2D/Paper2D/Content/PlaceholderTextures/DummySpriteTexture.ubulk" 414
"../../../Engine/Plugins/2D/Paper2D/Content/PlaceholderTextures/DummySpriteTexture.uasset" 415
"../../../Engine/Plugins/2D/Paper2D/Content/PlaceholderTextures/DummySpriteTexture.uexp" 416
"../../../Engine/Plugins/2D/Paper2D/Content/DefaultSpriteMaterial.uasset" 417
"../../../Engine/Plugins/2D/Paper2D/Content/DefaultSpriteMaterial.uexp" 418
"../../../Engine/Plugins/2D/Paper2D/Content/OpaqueUnlitSpriteMaterial.uasset" 419
"../../../Engine/Plugins/2D/Paper2D/Content/OpaqueUnlitSpriteMaterial.uexp" 420
"../../../Engine/Plugins/2D/Paper2D/Content/MaskedUnlitSpriteMaterial.uasset" 421
"../../../Engine/Plugins/2D/Paper2D/Content/MaskedUnlitSpriteMaterial.uexp" 422
"../../../Engine/Plugins/2D/Paper2D/Content/DummySprite.uasset" 423
"../../../Engine/Plugins/2D/Paper2D/Content/DummySprite.uexp" 424
"../../../Engine/Plugins/2D/Paper2D/Content/DefaultPaperTerrainMaterial.uasset" 425
"../../../Engine/Plugins/2D/Paper2D/Content/DefaultPaperTerrainMaterial.uexp" 426
"../../../Engine/Content/VREditor/TransformGizmo/StartRotationHandleIndicator.ubulk" 427
"../../../Engine/Content/VREditor/TransformGizmo/StartRotationHandleIndicator.uasset" 428
"../../../Engine/Content/VREditor/TransformGizmo/StartRotationHandleIndicator.uexp" 429
"../../../Engine/Content/VREditor/Sounds/UI/Drop_Item_From_ContentBrowser.ubulk" 430
"../../../Engine/Content/VREditor/Sounds/UI/Drop_Item_From_ContentBrowser.uasset" 431
"../../../Engine/Content/VREditor/Sounds/UI/Drop_Item_From_ContentBrowser.uexp" 432
"../../../Engine/Content/VREditor/TransformGizmo/PlaneTranslationHandle.ubulk" 433
"../../../Engine/Content/VREditor/TransformGizmo/PlaneTranslationHandle.uasset" 434
"../../../Engine/Content/VREditor/TransformGizmo/PlaneTranslationHandle.uexp" 435
"../../../Engine/Content/VREditor/Sounds/UI/Object_Snaps_To_Grid.ubulk" 436
"../../../Engine/Content/VREditor/Sounds/UI/Object_Snaps_To_Grid.uasset" 437
"../../../Engine/Content/VREditor/Sounds/UI/Object_Snaps_To_Grid.uexp" 438
"../../../Engine/Content/VREditor/Sounds/UI/Selection_Changes.ubulk" 439
"../../../Engine/Content/VREditor/Sounds/UI/Selection_Changes.uasset" 440
"../../../Engine/Content/VREditor/Sounds/UI/Selection_Changes.uexp" 441
"../../../Engine/Content/VREditor/Sounds/UI/Object_Snaps_To_Another_Actor.ubulk" 442
"../../../Engine/Content/VREditor/Sounds/UI/Object_Snaps_To_Another_Actor.uasset" 443
"../../../Engine/Content/VREditor/Sounds/UI/Object_Snaps_To_Another_Actor.uexp" 444
"../../../Engine/Content/VREditor/TransformGizmo/TranslucentTransformGizmoMaterial_Inst.uasset" 445
"../../../Engine/Content/VREditor/TransformGizmo/TranslucentTransformGizmoMaterial_Inst.uexp" 446
"../../../Engine/Content/VREditor/TransformGizmo/TransformGizmoFreeRotation.ubulk" 447
"../../../Engine/Content/VREditor/TransformGizmo/TransformGizmoFreeRotation.uasset" 448
"../../../Engine/Content/VREditor/TransformGizmo/TransformGizmoFreeRotation.uexp" 449
"../../../Engine/Content/VREditor/Sounds/UI/Scaling_Down.ubulk" 450
"../../../Engine/Content/VREditor/Sounds/UI/Scaling_Down.uasset" 451
"../../../Engine/Content/VREditor/Sounds/UI/Scaling_Down.uexp" 452
"../../../Engine/Content/Functions/Engine_MaterialFunctions02/Math/Transform3x3Matrix.uasset" 453
"../../../Engine/Content/Functions/Engine_MaterialFunctions02/Math/Transform3x3Matrix.uexp" 454
"../../../Engine/Content/Functions/Engine_MaterialFunctions02/SplitComponents.uasset" 455
"../../../Engine/Content/Functions/Engine_MaterialFunctions02/SplitComponents.uexp" 456
"../../../Engine/Content/Functions/Engine_MaterialFunctions02/Utility/MakeFloat3.uasset" 457
"../../../Engine/Content/Functions/Engine_MaterialFunctions02/Utility/MakeFloat3.uexp" 458
"../../../Engine/Content/VREditor/SnapGrid/SnapGridMaterial.uasset" 459
"../../../Engine/Content/VREditor/SnapGrid/SnapGridMaterial.uexp" 460
"../../../Engine/Content/VREditor/SnapGrid/SnapGridPlaneMesh.ubulk" 461
"../../../Engine/Content/VREditor/SnapGrid/SnapGridPlaneMesh.uasset" 462
"../../../Engine/Content/VREditor/SnapGrid/SnapGridPlaneMesh.uexp" 463
"../../../Engine/Content/VREditor/Sounds/UI/Scaling_Up.ubulk" 464
"../../../Engine/Content/VREditor/Sounds/UI/Scaling_Up.uasset" 465
"../../../Engine/Content/VREditor/Sounds/UI/Scaling_Up.uexp" 466
"../../../Engine/Content/VREditor/TransformGizmo/TransformGizmoMaterial_Inst.uasset" 467
"../../../Engine/Content/VREditor/TransformGizmo/TransformGizmoMaterial_Inst.uexp" 468
"../../../Engine/Content/VREditor/Sounds/UI/Gizmo_Handle_Clicked.ubulk" 469
"../../../Engine/Content/VREditor/Sounds/UI/Gizmo_Handle_Clicked.uasset" 470
"../../../Engine/Content/VREditor/Sounds/UI/Gizmo_Handle_Clicked.uexp" 471
"../../../Engine/Content/VREditor/TransformGizmo/RotationHandleQuarter.ubulk" 472
"../../../Engine/Content/VREditor/TransformGizmo/RotationHandleQuarter.uasset" 473
"../../../Engine/Content/VREditor/TransformGizmo/RotationHandleQuarter.uexp" 474
"../../../Engine/Content/VREditor/TransformGizmo/TranslateArrowHandle.ubulk" 475
"../../../Engine/Content/VREditor/TransformGizmo/TranslateArrowHandle.uasset" 476
"../../../Engine/Content/VREditor/TransformGizmo/TranslateArrowHandle.uexp" 477
"../../../Engine/Content/VREditor/TransformGizmo/RotationHandleIndicator.ubulk" 478
"../../../Engine/Content/VREditor/TransformGizmo/RotationHandleIndicator.uasset" 479
"../../../Engine/Content/VREditor/TransformGizmo/RotationHandleIndicator.uexp" 480
"../../../Engine/Content/VREditor/TransformGizmo/UniformScaleHandle.ubulk" 481
"../../../Engine/Content/VREditor/TransformGizmo/UniformScaleHandle.uasset" 482
"../../../Engine/Content/VREditor/TransformGizmo/UniformScaleHandle.uexp" 483
"../../../Engine/Content/VREditor/TransformGizmo/RotationHandleFull.ubulk" 484
"../../../Engine/Content/VREditor/TransformGizmo/RotationHandleFull.uasset" 485
"../../../Engine/Content/VREditor/TransformGizmo/RotationHandleFull.uexp" 486
"../../../Engine/Content/VREditor/Sounds/UI/Object_PickUp.ubulk" 487
"../../../Engine/Content/VREditor/Sounds/UI/Object_PickUp.uasset" 488
"../../../Engine/Content/VREditor/Sounds/UI/Object_PickUp.uexp" 489
"../../../Engine/Content/EngineSounds/Master.uasset" 490
"../../../Engine/Content/EngineSounds/Master.uexp" 491
"../../../Engine/Content/EngineResources/WhiteSquareTexture.uasset" 492
"../../../Engine/Content/EngineResources/WhiteSquareTexture.uexp" 493
"../../../Engine/Content/EngineMaterials/Widget3DPassThrough.uasset" 494
"../../../Engine/Content/EngineMaterials/Widget3DPassThrough.uexp" 495
"../../../Engine/Content/EngineMaterials/Widget3DPassThrough_Translucent.uasset" 496
"../../../Engine/Content/EngineMaterials/Widget3DPassThrough_Translucent.uexp" 497
"../../../Engine/Content/EngineMaterials/Widget3DPassThrough_Translucent_OneSided.uasset" 498
"../../../Engine/Content/EngineMaterials/Widget3DPassThrough_Translucent_OneSided.uexp" 499
"../../../Engine/Content/EngineMaterials/Widget3DPassThrough_Opaque.uasset" 500
"../../../Engine/Content/EngineMaterials/Widget3DPassThrough_Opaque.uexp" 501
"../../../Engine/Content/EngineMaterials/Widget3DPassThrough_Opaque_OneSided.uasset" 502
"../../../Engine/Content/EngineMaterials/Widget3DPassThrough_Opaque_OneSided.uexp" 503
"../../../Engine/Content/EngineMaterials/Widget3DPassThrough_Masked_OneSided.uasset" 504
"../../../Engine/Content/EngineMaterials/Widget3DPassThrough_Masked_OneSided.uexp" 505
"../../../Engine/Content/EngineMaterials/Widget3DPassThrough_Masked.uasset" 506
"../../../Engine/Content/EngineMaterials/Widget3DPassThrough_Masked.uexp" 507
"../../../Engine/Content/EngineMaterials/STBlueNoise_vec2_128x128x64.uasset" 508
"../../../Engine/Content/EngineMaterials/STBlueNoise_vec2_128x128x64.uexp" 509
"../../../Engine/Content/EngineMaterials/STBlueNoise_scalar_128x128x64.uasset" 510
"../../../Engine/Content/EngineMaterials/STBlueNoise_scalar_128x128x64.uexp" 511
"../../../Engine/Content/EngineMaterials/RemoveSurfaceMaterial.uasset" 512
"../../../Engine/Content/EngineMaterials/RemoveSurfaceMaterial.uexp" 513
"../../../Engine/Content/EngineMaterials/DefaultCalibrationGrayscale.uasset" 514
"../../../Engine/Content/EngineMaterials/DefaultCalibrationGrayscale.uexp" 515
"../../../Engine/Content/EngineMaterials/PPM_DefaultCalibrationGrayscale.uasset" 516
"../../../Engine/Content/EngineMaterials/PPM_DefaultCalibrationGrayscale.uexp" 517
"../../../Engine/Content/EngineMaterials/DefaultCalibrationColor.uasset" 518
"../../../Engine/Content/EngineMaterials/DefaultCalibrationColor.uexp" 519
"../../../Engine/Content/EngineMaterials/PPM_DefaultCalibrationColor.uasset" 520
"../../../Engine/Content/EngineMaterials/PPM_DefaultCalibrationColor.uexp" 521
"../../../Engine/Content/EngineMaterials/PhAT_JointLimitMaterial.uasset" 522
"../../../Engine/Content/EngineMaterials/PhAT_JointLimitMaterial.uexp" 523
"../../../Engine/Content/EngineMaterials/NaniteHiddenSectionMaterial.uasset" 524
"../../../Engine/Content/EngineMaterials/NaniteHiddenSectionMaterial.uexp" 525
"../../../Engine/Content/EngineMaterials/InvalidLightmapSettings.ubulk" 526
"../../../Engine/Content/EngineMaterials/InvalidLightmapSettings.uasset" 527
"../../../Engine/Content/EngineMaterials/InvalidLightmapSettings.uexp" 528
"../../../Engine/Content/EngineMaterials/M_InvalidLightmapSettings.uasset" 529
"../../../Engine/Content/EngineMaterials/M_InvalidLightmapSettings.uexp" 530
"../../../Engine/Content/EngineMaterials/GizmoMaterial.uasset" 531
"../../../Engine/Content/EngineMaterials/GizmoMaterial.uexp" 532
"../../../Engine/Content/EngineMaterials/BaseFlattenEmissiveMap_VT.uasset" 533
"../../../Engine/Content/EngineMaterials/BaseFlattenEmissiveMap_VT.uexp" 534
"../../../Engine/Content/EngineMaterials/BaseFlattenGrayscaleMap_VT.uasset" 535
"../../../Engine/Content/EngineMaterials/BaseFlattenGrayscaleMap_VT.uexp" 536
"../../../Engine/Content/EngineMaterials/BaseFlattenLinearColor_VT.uasset" 537
"../../../Engine/Content/EngineMaterials/BaseFlattenLinearColor_VT.uexp" 538
"../../../Engine/Content/EngineMaterials/Black_1x1_EXR_Texture_VT.uasset" 539
"../../../Engine/Content/EngineMaterials/Black_1x1_EXR_Texture_VT.uexp" 540
"../../../Engine/Content/EngineMaterials/BaseFlattenDiffuseMap_VT.uasset" 541
"../../../Engine/Content/EngineMaterials/BaseFlattenDiffuseMap_VT.uexp" 542
"../../../Engine/Content/EngineMaterials/BaseFlattenNormalMap_VT.uasset" 543
"../../../Engine/Content/EngineMaterials/BaseFlattenNormalMap_VT.uexp" 544
"../../../Engine/Content/EngineMaterials/FlattenMaterial_WS_Normal_VT.uasset" 545
"../../../Engine/Content/EngineMaterials/FlattenMaterial_WS_Normal_VT.uexp" 546
"../../../Engine/Content/EngineMaterials/FlattenMaterial_VT.uasset" 547
"../../../Engine/Content/EngineMaterials/FlattenMaterial_VT.uexp" 548
"../../../Engine/Content/EngineMaterials/BaseFlattenNormalMap.uasset" 549
"../../../Engine/Content/EngineMaterials/BaseFlattenNormalMap.uexp" 550
"../../../Engine/Content/EngineMaterials/BaseFlattenGrayscaleMap.uasset" 551
"../../../Engine/Content/EngineMaterials/BaseFlattenGrayscaleMap.uexp" 552
"../../../Engine/Content/EngineMaterials/BaseFlattenDiffuseMap.uasset" 553
"../../../Engine/Content/EngineMaterials/BaseFlattenDiffuseMap.uexp" 554
"../../../Engine/Content/Functions/Engine_MaterialFunctions02/PivotPainter2/Black_1x1_EXR_Texture.uasset" 555
"../../../Engine/Content/Functions/Engine_MaterialFunctions02/PivotPainter2/Black_1x1_EXR_Texture.uexp" 556
"../../../Engine/Content/EngineMaterials/BaseFlattenEmissiveMap.uasset" 557
"../../../Engine/Content/EngineMaterials/BaseFlattenEmissiveMap.uexp" 558
"../../../Engine/Content/EngineMaterials/BaseFlattenLinearColor.uasset" 559
"../../../Engine/Content/EngineMaterials/BaseFlattenLinearColor.uexp" 560
"../../../Engine/Content/EngineMaterials/FlattenMaterial.uasset" 561
"../../../Engine/Content/EngineMaterials/FlattenMaterial.uexp" 562
"../../../Engine/Content/EngineMaterials/DefaultWhiteGrid_Low.uasset" 563
"../../../Engine/Content/EngineMaterials/DefaultWhiteGrid_Low.uexp" 564
"../../../Engine/Content/EngineMaterials/EmissiveMeshMaterial.uasset" 565
"../../../Engine/Content/EngineMaterials/EmissiveMeshMaterial.uexp" 566
"../../../Engine/Content/EngineFonts/RobotoDistanceField.uasset" 567
"../../../Engine/Content/EngineFonts/RobotoDistanceField.uexp" 568
"../../../Engine/Content/EngineMaterials/DefaultTextMaterialOpaque.uasset" 569
"../../../Engine/Content/EngineMaterials/DefaultTextMaterialOpaque.uexp" 570
"../../../Engine/Content/EngineMaterials/DefaultDiffuse.ubulk" 571
"../../../Engine/Content/EngineMaterials/DefaultDiffuse.uasset" 572
"../../../Engine/Content/EngineMaterials/DefaultDiffuse.uexp" 573
"../../../Engine/Content/Functions/Engine_MaterialFunctions02/Utility/BreakOutFloat2Components.uasset" 574
"../../../Engine/Content/Functions/Engine_MaterialFunctions02/Utility/BreakOutFloat2Components.uexp" 575
"../../../Engine/Content/EngineMaterials/DefaultPostProcessMaterial.uasset" 576
"../../../Engine/Content/EngineMaterials/DefaultPostProcessMaterial.uexp" 577
"../../../Engine/Content/EngineMaterials/DefaultPhysicalMaterial.uasset" 578
"../../../Engine/Content/EngineMaterials/DefaultPhysicalMaterial.uexp" 579
"../../../Engine/Content/EngineMaterials/DefaultLightFunctionMaterial.uasset" 580
"../../../Engine/Content/EngineMaterials/DefaultLightFunctionMaterial.uexp" 581
"../../../Engine/Content/EngineMaterials/DefaultDestructiblePhysicalMaterial.uasset" 582
"../../../Engine/Content/EngineMaterials/DefaultDestructiblePhysicalMaterial.uexp" 583
"../../../Engine/Content/EngineMaterials/DefaultDeferredDecalMaterial.uasset" 584
"../../../Engine/Content/EngineMaterials/DefaultDeferredDecalMaterial.uexp" 585
"../../../Engine/Content/EngineMaterials/DefaultBloomKernel.uasset" 586
"../../../Engine/Content/EngineMaterials/DefaultBloomKernel.uexp" 587
"../../../Engine/Content/EngineFonts/Faces/RobotoLight.uexp" 588
"../../../Engine/Content/EngineFonts/Faces/RobotoLight.uasset" 589
"../../../Engine/Content/EngineFonts/Faces/RobotoLight.ufont" 590
"../../../Engine/Content/EngineFonts/Faces/RobotoBold.uexp" 591
"../../../Engine/Content/EngineFonts/Faces/RobotoBold.uasset" 592
"../../../Engine/Content/EngineFonts/Faces/RobotoBold.ufont" 593
"../../../Engine/Content/EngineFonts/Faces/RobotoRegular.uexp" 594
"../../../Engine/Content/EngineFonts/Faces/RobotoRegular.uasset" 595
"../../../Engine/Content/EngineFonts/Faces/RobotoRegular.ufont" 596
"../../../Engine/Content/EngineFonts/Faces/DroidSansFallback.uexp" 597
"../../../Engine/Content/EngineFonts/Faces/DroidSansFallback.uasset" 598
"../../../Engine/Content/EngineFonts/Faces/DroidSansFallback.ufont" 599
"../../../Engine/Content/EngineFonts/Faces/RobotoItalic.uexp" 600
"../../../Engine/Content/EngineFonts/Faces/RobotoItalic.uasset" 601
"../../../Engine/Content/EngineFonts/Faces/RobotoItalic.ufont" 602
"../../../Engine/Content/EngineFonts/Faces/RobotoBoldItalic.uexp" 603
"../../../Engine/Content/EngineFonts/Faces/RobotoBoldItalic.uasset" 604
"../../../Engine/Content/EngineFonts/Faces/RobotoBoldItalic.ufont" 605
"../../../Engine/Content/EngineFonts/Roboto.uasset" 606
"../../../Engine/Content/EngineFonts/Roboto.uexp" 607
"../../../Engine/Content/EngineDebugMaterials/VolumeToRender.uasset" 608
"../../../Engine/Content/EngineDebugMaterials/VolumeToRender.uexp" 609
"../../../Engine/Content/EngineDebugMaterials/M_VolumeRenderSphereTracePP.uasset" 610
"../../../Engine/Content/EngineDebugMaterials/M_VolumeRenderSphereTracePP.uexp" 611
"../../../Engine/Content/EngineDebugMaterials/M_SimpleUnlitTranslucent.uasset" 612
"../../../Engine/Content/EngineDebugMaterials/M_SimpleUnlitTranslucent.uexp" 613
"../../../Engine/Content/EngineDebugMaterials/DebugMeshMaterial.uasset" 614
"../../../Engine/Content/EngineDebugMaterials/DebugMeshMaterial.uexp" 615
"../../../Engine/Content/EngineDebugMaterials/DebugEditorMaterial.uasset" 616
"../../../Engine/Content/EngineDebugMaterials/DebugEditorMaterial.uexp" 617
"../../../Engine/Content/EngineDamageTypes/DmgTypeBP_Environmental.uasset" 618
"../../../Engine/Content/EngineDamageTypes/DmgTypeBP_Environmental.uexp" 619
"../../../Engine/Content/EditorResources/S_Terrain.ubulk" 620
"../../../Engine/Content/EditorResources/S_Terrain.uasset" 621
"../../../Engine/Content/EditorResources/S_Terrain.uexp" 622
"../../../Engine/Content/EditorResources/EmptyActor.uasset" 623
"../../../Engine/Content/EditorResources/EmptyActor.uexp" 624
"../../../Engine/Content/EditorResources/BSPVertex.uasset" 625
"../../../Engine/Content/EditorResources/BSPVertex.uexp" 626
"../../../Engine/Content/EditorMaterials/PreviewShadowIndicator.ubulk" 627
"../../../Engine/Content/EditorMaterials/PreviewShadowIndicator.uasset" 628
"../../../Engine/Content/EditorMaterials/PreviewShadowIndicator.uexp" 629
"../../../Engine/Content/EditorMaterials/PreviewShadowIndicatorMaterial.uasset" 630
"../../../Engine/Content/EditorMaterials/PreviewShadowIndicatorMaterial.uexp" 631
"../../../Engine/Content/EditorMaterials/PhAT_UnselectedMaterial.uasset" 632
"../../../Engine/Content/EditorMaterials/PhAT_UnselectedMaterial.uexp" 633
"../../../Engine/Content/EditorMaterials/PhAT_NoCollisionMaterial.uasset" 634
"../../../Engine/Content/EditorMaterials/PhAT_NoCollisionMaterial.uexp" 635
"../../../Engine/Content/EditorLandscapeResources/DefaultAlphaTexture.uasset" 636
"../../../Engine/Content/EditorLandscapeResources/DefaultAlphaTexture.uexp" 637
"../../../Engine/Content/EditorLandscapeResources/DataLayer.uasset" 638
"../../../Engine/Content/EditorLandscapeResources/DataLayer.uexp" 639
"../../../Engine/Content/EngineMaterials/DefaultMaterial.uasset" 640
"../../../Engine/Content/EngineMaterials/DefaultMaterial.uexp" 641
"../../../Engine/Content/BasicShapes/Cylinder.ubulk" 642
"../../../Engine/Content/BasicShapes/Cylinder.uasset" 643
"../../../Engine/Content/BasicShapes/Cylinder.uexp" 644
"../../../Engine/Content/BasicShapes/Cone.ubulk" 645
"../../../Engine/Content/BasicShapes/Cone.uasset" 646
"../../../Engine/Content/BasicShapes/Cone.uexp" 647
"../../../Engine/Content/Animation/DefaultVariableFrameStrippingSettings.uasset" 648
"../../../Engine/Content/Animation/DefaultVariableFrameStrippingSettings.uexp" 649
"../../../Engine/Content/Animation/DefaultRecorderBoneCompression.uasset" 650
"../../../Engine/Content/Animation/DefaultRecorderBoneCompression.uexp" 651
"../../../Engine/Plugins/Interchange/Runtime/Content/gltf/MaterialFunctions/MF_RotateV2.uasset" 652
"../../../Engine/Plugins/Interchange/Runtime/Content/gltf/MaterialFunctions/MF_RotateV2.uexp" 653
"../../../Engine/Plugins/Interchange/Runtime/Content/gltf/MaterialFunctions/MF_TransformUVs.uasset" 654
"../../../Engine/Plugins/Interchange/Runtime/Content/gltf/MaterialFunctions/MF_TransformUVs.uexp" 655
"../../../Engine/Plugins/Interchange/Runtime/Content/gltf/Textures/T_White_srgb.uasset" 656
"../../../Engine/Plugins/Interchange/Runtime/Content/gltf/Textures/T_White_srgb.uexp" 657
"../../../Engine/Plugins/Interchange/Runtime/Content/gltf/MaterialFunctions/MF_BaseColor.uasset" 658
"../../../Engine/Plugins/Interchange/Runtime/Content/gltf/MaterialFunctions/MF_BaseColor.uexp" 659
"../../../Engine/Plugins/Interchange/Runtime/Content/gltf/MaterialBodies/MF_Unlit_Body.uasset" 660
"../../../Engine/Plugins/Interchange/Runtime/Content/gltf/MaterialBodies/MF_Unlit_Body.uexp" 661
"../../../Engine/Plugins/Interchange/Runtime/Content/gltf/M_Unlit.uasset" 662
"../../../Engine/Plugins/Interchange/Runtime/Content/gltf/M_Unlit.uexp" 663
"../../../Engine/Plugins/Interchange/Runtime/Content/gltf/MaterialInstances/MI_Unlit_Opaque_DS.uasset" 664
"../../../Engine/Plugins/Interchange/Runtime/Content/gltf/MaterialInstances/MI_Unlit_Opaque_DS.uexp" 665
"../../../Engine/Plugins/Interchange/Runtime/Content/gltf/MaterialInstances/MI_Unlit_Opaque.uasset" 666
"../../../Engine/Plugins/Interchange/Runtime/Content/gltf/MaterialInstances/MI_Unlit_Opaque.uexp" 667
"../../../Engine/Plugins/Interchange/Runtime/Content/gltf/MaterialInstances/MI_Unlit_Mask_DS.uasset" 668
"../../../Engine/Plugins/Interchange/Runtime/Content/gltf/MaterialInstances/MI_Unlit_Mask_DS.uexp" 669
"../../../Engine/Plugins/Interchange/Runtime/Content/gltf/MaterialInstances/MI_Unlit_Mask.uasset" 670
"../../../Engine/Plugins/Interchange/Runtime/Content/gltf/MaterialInstances/MI_Unlit_Mask.uexp" 671
"../../../Engine/Plugins/Interchange/Runtime/Content/gltf/MaterialInstances/MI_Unlit_Blend_DS.uasset" 672
"../../../Engine/Plugins/Interchange/Runtime/Content/gltf/MaterialInstances/MI_Unlit_Blend_DS.uexp" 673
"../../../Engine/Plugins/Interchange/Runtime/Content/gltf/MaterialInstances/MI_Unlit_Blend.uasset" 674
"../../../Engine/Plugins/Interchange/Runtime/Content/gltf/MaterialInstances/MI_Unlit_Blend.uexp" 675
"../../../Engine/Plugins/Interchange/Runtime/Content/gltf/MaterialFunctions/MF_Iridescence.uasset" 676
"../../../Engine/Plugins/Interchange/Runtime/Content/gltf/MaterialFunctions/MF_Iridescence.uexp" 677
"../../../Engine/Plugins/Interchange/Runtime/Content/gltf/Textures/T_White_Linear.uasset" 678
"../../../Engine/Plugins/Interchange/Runtime/Content/gltf/Textures/T_White_Linear.uexp" 679
"../../../Engine/Plugins/Interchange/Runtime/Content/gltf/MaterialFunctions/MF_MetallicRoughness.uasset" 680
"../../../Engine/Plugins/Interchange/Runtime/Content/gltf/MaterialFunctions/MF_MetallicRoughness.uexp" 681
"../../../Engine/Plugins/Interchange/Runtime/Content/gltf/MaterialFunctions/MF_Transmission.uasset" 682
"../../../Engine/Plugins/Interchange/Runtime/Content/gltf/MaterialFunctions/MF_Transmission.uexp" 683
"../../../Engine/Plugins/Interchange/Runtime/Content/gltf/MaterialFunctions/MF_Occlusion.uasset" 684
"../../../Engine/Plugins/Interchange/Runtime/Content/gltf/MaterialFunctions/MF_Occlusion.uexp" 685
"../../../Engine/Plugins/Interchange/Runtime/Content/gltf/MaterialFunctions/MF_Specular.uasset" 686
"../../../Engine/Plugins/Interchange/Runtime/Content/gltf/MaterialFunctions/MF_Specular.uexp" 687
"../../../Engine/Plugins/Interchange/Runtime/Content/gltf/MaterialFunctions/MF_IOR.uasset" 688
"../../../Engine/Plugins/Interchange/Runtime/Content/gltf/MaterialFunctions/MF_IOR.uexp" 689
"../../../Engine/Plugins/Interchange/Runtime/Content/gltf/MaterialFunctions/MF_RotateNormals_TS.uasset" 690
"../../../Engine/Plugins/Interchange/Runtime/Content/gltf/MaterialFunctions/MF_RotateNormals_TS.uexp" 691
"../../../Engine/Plugins/Interchange/Runtime/Content/gltf/Textures/T_Generic_N.uasset" 692
"../../../Engine/Plugins/Interchange/Runtime/Content/gltf/Textures/T_Generic_N.uexp" 693
"../../../Engine/Plugins/Interchange/Runtime/Content/gltf/MaterialFunctions/MF_Normals.uasset" 694
"../../../Engine/Plugins/Interchange/Runtime/Content/gltf/MaterialFunctions/MF_Normals.uexp" 695
"../../../Engine/Plugins/Interchange/Runtime/Content/gltf/MaterialBodies/MF_Transmission_Body.uasset" 696
"../../../Engine/Plugins/Interchange/Runtime/Content/gltf/MaterialBodies/MF_Transmission_Body.uexp" 697
"../../../Engine/Plugins/Interchange/Runtime/Content/gltf/M_Transmission.uasset" 698
"../../../Engine/Plugins/Interchange/Runtime/Content/gltf/M_Transmission.uexp" 699
"../../../Engine/Plugins/Interchange/Runtime/Content/gltf/MaterialInstances/MI_Transmission_DS.uasset" 700
"../../../Engine/Plugins/Interchange/Runtime/Content/gltf/MaterialInstances/MI_Transmission_DS.uexp" 701
"../../../Engine/Plugins/Interchange/Runtime/Content/gltf/MaterialInstances/MI_Transmission.uasset" 702
"../../../Engine/Plugins/Interchange/Runtime/Content/gltf/MaterialInstances/MI_Transmission.uexp" 703
"../../../Engine/Plugins/Interchange/Runtime/Content/gltf/MaterialFunctions/MF_DiffuseSpecGloss.uasset" 704
"../../../Engine/Plugins/Interchange/Runtime/Content/gltf/MaterialFunctions/MF_DiffuseSpecGloss.uexp" 705
"../../../Engine/Content/Functions/Engine_MaterialFunctions02/Math/AddComponents.uasset" 706
"../../../Engine/Content/Functions/Engine_MaterialFunctions02/Math/AddComponents.uexp" 707
"../../../Engine/Plugins/Interchange/Runtime/Content/gltf/MaterialFunctions/MF_PerceivedBrightness.uasset" 708
"../../../Engine/Plugins/Interchange/Runtime/Content/gltf/MaterialFunctions/MF_PerceivedBrightness.uexp" 709
"../../../Engine/Plugins/Interchange/Runtime/Content/gltf/MaterialFunctions/MF_Emissive.uasset" 710
"../../../Engine/Plugins/Interchange/Runtime/Content/gltf/MaterialFunctions/MF_Emissive.uexp" 711
"../../../Engine/Plugins/Interchange/Runtime/Content/gltf/MaterialFunctions/MF_SpecGlossToMetalRoughness.uasset" 712
"../../../Engine/Plugins/Interchange/Runtime/Content/gltf/MaterialFunctions/MF_SpecGlossToMetalRoughness.uexp" 713
"../../../Engine/Plugins/Interchange/Runtime/Content/gltf/MaterialBodies/MF_SpecularGlossiness_Body.uasset" 714
"../../../Engine/Plugins/Interchange/Runtime/Content/gltf/MaterialBodies/MF_SpecularGlossiness_Body.uexp" 715
"../../../Engine/Plugins/Interchange/Runtime/Content/gltf/M_SpecularGlossiness.uasset" 716
"../../../Engine/Plugins/Interchange/Runtime/Content/gltf/M_SpecularGlossiness.uexp" 717
"../../../Engine/Plugins/Interchange/Runtime/Content/gltf/MaterialInstances/MI_SpecularGlossiness_Opaque_DS.uasset" 718
"../../../Engine/Plugins/Interchange/Runtime/Content/gltf/MaterialInstances/MI_SpecularGlossiness_Opaque_DS.uexp" 719
"../../../Engine/Plugins/Interchange/Runtime/Content/gltf/MaterialInstances/MI_SpecularGlossiness_Opaque.uasset" 720
"../../../Engine/Plugins/Interchange/Runtime/Content/gltf/MaterialInstances/MI_SpecularGlossiness_Opaque.uexp" 721
"../../../Engine/Plugins/Interchange/Runtime/Content/gltf/MaterialInstances/MI_SpecularGlossiness_Mask_DS.uasset" 722
"../../../Engine/Plugins/Interchange/Runtime/Content/gltf/MaterialInstances/MI_SpecularGlossiness_Mask_DS.uexp" 723
"../../../Engine/Plugins/Interchange/Runtime/Content/gltf/MaterialInstances/MI_SpecularGlossiness_Mask.uasset" 724
"../../../Engine/Plugins/Interchange/Runtime/Content/gltf/MaterialInstances/MI_SpecularGlossiness_Mask.uexp" 725
"../../../Engine/Plugins/Interchange/Runtime/Content/gltf/MaterialInstances/MI_SpecularGlossiness_Blend_DS.uasset" 726
"../../../Engine/Plugins/Interchange/Runtime/Content/gltf/MaterialInstances/MI_SpecularGlossiness_Blend_DS.uexp" 727
"../../../Engine/Plugins/Interchange/Runtime/Content/gltf/MaterialInstances/MI_SpecularGlossiness_Blend.uasset" 728
"../../../Engine/Plugins/Interchange/Runtime/Content/gltf/MaterialInstances/MI_SpecularGlossiness_Blend.uexp" 729
"../../../Engine/Plugins/Interchange/Runtime/Content/gltf/MaterialFunctions/MF_Sheen.uasset" 730
"../../../Engine/Plugins/Interchange/Runtime/Content/gltf/MaterialFunctions/MF_Sheen.uexp" 731
"../../../Engine/Plugins/Interchange/Runtime/Content/gltf/MaterialBodies/MF_Sheen_Body.uasset" 732
"../../../Engine/Plugins/Interchange/Runtime/Content/gltf/MaterialBodies/MF_Sheen_Body.uexp" 733
"../../../Engine/Plugins/Interchange/Runtime/Content/gltf/M_Sheen.uasset" 734
"../../../Engine/Plugins/Interchange/Runtime/Content/gltf/M_Sheen.uexp" 735
"../../../Engine/Plugins/Interchange/Runtime/Content/gltf/MaterialInstances/MI_Sheen_Opaque_DS.uasset" 736
"../../../Engine/Plugins/Interchange/Runtime/Content/gltf/MaterialInstances/MI_Sheen_Opaque_DS.uexp" 737
"../../../Engine/Plugins/Interchange/Runtime/Content/gltf/MaterialInstances/MI_Sheen_Opaque.uasset" 738
"../../../Engine/Plugins/Interchange/Runtime/Content/gltf/MaterialInstances/MI_Sheen_Opaque.uexp" 739
"../../../Engine/Plugins/Interchange/Runtime/Content/gltf/MaterialInstances/MI_Sheen_Mask_DS.uasset" 740
"../../../Engine/Plugins/Interchange/Runtime/Content/gltf/MaterialInstances/MI_Sheen_Mask_DS.uexp" 741
"../../../Engine/Plugins/Interchange/Runtime/Content/gltf/MaterialInstances/MI_Sheen_Mask.uasset" 742
"../../../Engine/Plugins/Interchange/Runtime/Content/gltf/MaterialInstances/MI_Sheen_Mask.uexp" 743
"../../../Engine/Plugins/Interchange/Runtime/Content/gltf/MaterialInstances/MI_Sheen_Blend_DS.uasset" 744
"../../../Engine/Plugins/Interchange/Runtime/Content/gltf/MaterialInstances/MI_Sheen_Blend_DS.uexp" 745
"../../../Engine/Plugins/Interchange/Runtime/Content/gltf/MaterialInstances/MI_Sheen_Blend.uasset" 746
"../../../Engine/Plugins/Interchange/Runtime/Content/gltf/MaterialInstances/MI_Sheen_Blend.uexp" 747
"../../../Engine/Plugins/Interchange/Runtime/Content/gltf/MaterialBodies/MF_Default_Body.uasset" 748
"../../../Engine/Plugins/Interchange/Runtime/Content/gltf/MaterialBodies/MF_Default_Body.uexp" 749
"../../../Engine/Plugins/Interchange/Runtime/Content/gltf/M_Default.uasset" 750
"../../../Engine/Plugins/Interchange/Runtime/Content/gltf/M_Default.uexp" 751
"../../../Engine/Plugins/Interchange/Runtime/Content/gltf/MaterialInstances/MI_Default_Opaque_DS.uasset" 752
"../../../Engine/Plugins/Interchange/Runtime/Content/gltf/MaterialInstances/MI_Default_Opaque_DS.uexp" 753
"../../../Engine/Plugins/Interchange/Runtime/Content/gltf/MaterialInstances/MI_Default_Opaque.uasset" 754
"../../../Engine/Plugins/Interchange/Runtime/Content/gltf/MaterialInstances/MI_Default_Opaque.uexp" 755
"../../../Engine/Plugins/Interchange/Runtime/Content/gltf/MaterialInstances/MI_Default_Mask_DS.uasset" 756
"../../../Engine/Plugins/Interchange/Runtime/Content/gltf/MaterialInstances/MI_Default_Mask_DS.uexp" 757
"../../../Engine/Plugins/Interchange/Runtime/Content/gltf/MaterialInstances/MI_Default_Mask.uasset" 758
"../../../Engine/Plugins/Interchange/Runtime/Content/gltf/MaterialInstances/MI_Default_Mask.uexp" 759
"../../../Engine/Plugins/Interchange/Runtime/Content/gltf/MaterialInstances/MI_Default_Blend_DS.uasset" 760
"../../../Engine/Plugins/Interchange/Runtime/Content/gltf/MaterialInstances/MI_Default_Blend_DS.uexp" 761
"../../../Engine/Plugins/Interchange/Runtime/Content/gltf/MaterialInstances/MI_Default_Blend.uasset" 762
"../../../Engine/Plugins/Interchange/Runtime/Content/gltf/MaterialInstances/MI_Default_Blend.uexp" 763
"../../../Engine/Content/Functions/Engine_MaterialFunctions01/Texturing/FlattenNormal.uasset" 764
"../../../Engine/Content/Functions/Engine_MaterialFunctions01/Texturing/FlattenNormal.uexp" 765
"../../../Engine/Plugins/Interchange/Runtime/Content/gltf/MaterialFunctions/MF_Clearcoat.uasset" 766
"../../../Engine/Plugins/Interchange/Runtime/Content/gltf/MaterialFunctions/MF_Clearcoat.uexp" 767
"../../../Engine/Plugins/Interchange/Runtime/Content/gltf/MaterialBodies/MF_ClearCoat_Body.uasset" 768
"../../../Engine/Plugins/Interchange/Runtime/Content/gltf/MaterialBodies/MF_ClearCoat_Body.uexp" 769
"../../../Engine/Plugins/Interchange/Runtime/Content/gltf/M_ClearCoat.uasset" 770
"../../../Engine/Plugins/Interchange/Runtime/Content/gltf/M_ClearCoat.uexp" 771
"../../../Engine/Plugins/Interchange/Runtime/Content/gltf/MaterialInstances/MI_ClearCoat_Opaque_DS.uasset" 772
"../../../Engine/Plugins/Interchange/Runtime/Content/gltf/MaterialInstances/MI_ClearCoat_Opaque_DS.uexp" 773
"../../../Engine/Plugins/Interchange/Runtime/Content/gltf/MaterialInstances/MI_ClearCoat_Opaque.uasset" 774
"../../../Engine/Plugins/Interchange/Runtime/Content/gltf/MaterialInstances/MI_ClearCoat_Opaque.uexp" 775
"../../../Engine/Plugins/Interchange/Runtime/Content/gltf/MaterialInstances/MI_ClearCoat_Mask_DS.uasset" 776
"../../../Engine/Plugins/Interchange/Runtime/Content/gltf/MaterialInstances/MI_ClearCoat_Mask_DS.uexp" 777
"../../../Engine/Plugins/Interchange/Runtime/Content/gltf/MaterialInstances/MI_ClearCoat_Mask.uasset" 778
"../../../Engine/Plugins/Interchange/Runtime/Content/gltf/MaterialInstances/MI_ClearCoat_Mask.uexp" 779
"../../../Engine/Plugins/Interchange/Runtime/Content/gltf/MaterialInstances/MI_ClearCoat_Blend_DS.uasset" 780
"../../../Engine/Plugins/Interchange/Runtime/Content/gltf/MaterialInstances/MI_ClearCoat_Blend_DS.uexp" 781
"../../../Engine/Plugins/Interchange/Runtime/Content/gltf/MaterialInstances/MI_ClearCoat_Blend.uasset" 782
"../../../Engine/Plugins/Interchange/Runtime/Content/gltf/MaterialInstances/MI_ClearCoat_Blend.uexp" 783
"../../../Engine/Content/MobileResources/HUD/VirtualJoystick_Background.uasset" 784
"../../../Engine/Content/MobileResources/HUD/VirtualJoystick_Background.uexp" 785
"../../../Engine/Content/MobileResources/HUD/VirtualJoystick_Thumb.uasset" 786
"../../../Engine/Content/MobileResources/HUD/VirtualJoystick_Thumb.uexp" 787
"../../../Engine/Content/MobileResources/HUD/DefaultVirtualJoysticks.uasset" 788
"../../../Engine/Content/MobileResources/HUD/DefaultVirtualJoysticks.uexp" 789
"../../../Engine/Content/EngineSky/VolumetricClouds/CloudWeatherTexture.uasset" 790
"../../../Engine/Content/EngineSky/VolumetricClouds/CloudWeatherTexture.uexp" 791
"../../../Engine/Content/Functions/Engine_MaterialFunctions02/Utility/MakeFloat2.uasset" 792
"../../../Engine/Content/Functions/Engine_MaterialFunctions02/Utility/MakeFloat2.uexp" 793
"../../../Engine/Content/EngineSky/VolumetricClouds/CloudGradientTexture.uasset" 794
"../../../Engine/Content/EngineSky/VolumetricClouds/CloudGradientTexture.uexp" 795
"../../../Engine/Content/EngineSky/VolumetricClouds/T_NoiseShape64.ubulk" 796
"../../../Engine/Content/EngineSky/VolumetricClouds/T_NoiseShape64.uasset" 797
"../../../Engine/Content/EngineSky/VolumetricClouds/T_NoiseShape64.uexp" 798
"../../../Engine/Content/EngineSky/VolumetricClouds/T_VolumeNoiseShape64.uasset" 799
"../../../Engine/Content/EngineSky/VolumetricClouds/T_VolumeNoiseShape64.uexp" 800
"../../../Engine/Content/EngineSky/VolumetricClouds/T_NoiseErosion.ubulk" 801
"../../../Engine/Content/EngineSky/VolumetricClouds/T_NoiseErosion.uasset" 802
"../../../Engine/Content/EngineSky/VolumetricClouds/T_NoiseErosion.uexp" 803
"../../../Engine/Content/EngineSky/VolumetricClouds/T_VolumeNoiseErosion32.uasset" 804
"../../../Engine/Content/EngineSky/VolumetricClouds/T_VolumeNoiseErosion32.uexp" 805
"../../../Engine/Content/EngineSky/VolumetricClouds/m_SimpleVolumetricCloud.uasset" 806
"../../../Engine/Content/EngineSky/VolumetricClouds/m_SimpleVolumetricCloud.uexp" 807
"../../../Engine/Content/EngineSky/VolumetricClouds/m_SimpleVolumetricCloud_Inst.uasset" 808
"../../../Engine/Content/EngineSky/VolumetricClouds/m_SimpleVolumetricCloud_Inst.uexp" 809
"../../../Engine/Content/EngineResources/FilmGrains/Marcie_Grain_v3_128_M2_000.uasset" 810
"../../../Engine/Content/EngineResources/FilmGrains/Marcie_Grain_v3_128_M2_000.uexp" 811
"../../../Engine/Content/EditorResources/SequenceRecorder/RecordingIndicator.uasset" 812
"../../../Engine/Content/EditorResources/SequenceRecorder/RecordingIndicator.uexp" 813
"../../../Engine/Content/EditorResources/SequenceRecorder/Countdown.uasset" 814
"../../../Engine/Content/EditorResources/SequenceRecorder/Countdown.uexp" 815
"../../../Engine/Content/EditorMaterials/Dataflow/DataflowVertexMaterial.uasset" 816
"../../../Engine/Content/EditorMaterials/Dataflow/DataflowVertexMaterial.uexp" 817
"D:/GameDev/Treesandwinds/UE5-Project/Treesandwinds/Content/TreesandWinds/Enemys/Dog/Animation/Run/Walk.uasset" 818
"D:/GameDev/Treesandwinds/UE5-Project/Treesandwinds/Content/TreesandWinds/Enemys/Dog/Animation/Run/Walk.uexp" 819
"D:/GameDev/Treesandwinds/UE5-Project/Treesandwinds/Content/TreesandWinds/Enemys/Dog/Animation/Run/Dog_Run_0.uasset" 820
"D:/GameDev/Treesandwinds/UE5-Project/Treesandwinds/Content/TreesandWinds/Enemys/Dog/Animation/Run/Dog_Run_0.uexp" 821
"D:/GameDev/Treesandwinds/UE5-Project/Treesandwinds/Content/TreesandWinds/Enemys/Dog/Animation/Run/Dog_Run_1.uasset" 822
"D:/GameDev/Treesandwinds/UE5-Project/Treesandwinds/Content/TreesandWinds/Enemys/Dog/Animation/Run/Dog_Run_1.uexp" 823
"D:/GameDev/Treesandwinds/UE5-Project/Treesandwinds/Content/TreesandWinds/Enemys/Dog/Animation/Run/Dog_Run_2.uasset" 824
"D:/GameDev/Treesandwinds/UE5-Project/Treesandwinds/Content/TreesandWinds/Enemys/Dog/Animation/Run/Dog_Run_2.uexp" 825
"D:/GameDev/Treesandwinds/UE5-Project/Treesandwinds/Content/TreesandWinds/Enemys/Dog/Animation/Run/Dog_Run_3.uasset" 826
"D:/GameDev/Treesandwinds/UE5-Project/Treesandwinds/Content/TreesandWinds/Enemys/Dog/Animation/Run/Dog_Run_3.uexp" 827
"D:/GameDev/Treesandwinds/UE5-Project/Treesandwinds/Content/TreesandWinds/Enemys/Dog/Animation/Run/Dog_Run_4.uasset" 828
"D:/GameDev/Treesandwinds/UE5-Project/Treesandwinds/Content/TreesandWinds/Enemys/Dog/Animation/Run/Dog_Run_4.uexp" 829
"D:/GameDev/Treesandwinds/UE5-Project/Treesandwinds/Content/TreesandWinds/Enemys/Dog/Animation/Run/Dog_Run_5.uasset" 830
"D:/GameDev/Treesandwinds/UE5-Project/Treesandwinds/Content/TreesandWinds/Enemys/Dog/Animation/Run/Dog_Run_5.uexp" 831
"D:/GameDev/Treesandwinds/UE5-Project/Treesandwinds/Content/TreesandWinds/Enemys/Dog/Animation/Run/FB_Dog_Run.uasset" 832
"D:/GameDev/Treesandwinds/UE5-Project/Treesandwinds/Content/TreesandWinds/Enemys/Dog/Animation/Run/FB_Dog_Run.uexp" 833
"D:/GameDev/Treesandwinds/UE5-Project/Treesandwinds/Content/TreesandWinds/Enemys/Dog/Animation/Attack/Attack.uasset" 834
"D:/GameDev/Treesandwinds/UE5-Project/Treesandwinds/Content/TreesandWinds/Enemys/Dog/Animation/Attack/Attack.uexp" 835
"D:/GameDev/Treesandwinds/UE5-Project/Treesandwinds/Content/TreesandWinds/Enemys/Dog/Animation/Attack/Dog_Attack_0.uasset" 836
"D:/GameDev/Treesandwinds/UE5-Project/Treesandwinds/Content/TreesandWinds/Enemys/Dog/Animation/Attack/Dog_Attack_0.uexp" 837
"D:/GameDev/Treesandwinds/UE5-Project/Treesandwinds/Content/TreesandWinds/Enemys/Dog/Animation/Attack/Dog_Attack_1.uasset" 838
"D:/GameDev/Treesandwinds/UE5-Project/Treesandwinds/Content/TreesandWinds/Enemys/Dog/Animation/Attack/Dog_Attack_1.uexp" 839
"D:/GameDev/Treesandwinds/UE5-Project/Treesandwinds/Content/TreesandWinds/Enemys/Dog/Animation/Attack/Dog_Attack_3.uasset" 840
"D:/GameDev/Treesandwinds/UE5-Project/Treesandwinds/Content/TreesandWinds/Enemys/Dog/Animation/Attack/Dog_Attack_3.uexp" 841
"D:/GameDev/Treesandwinds/UE5-Project/Treesandwinds/Content/TreesandWinds/Enemys/Dog/Animation/Attack/Dog_Attack_4.uasset" 842
"D:/GameDev/Treesandwinds/UE5-Project/Treesandwinds/Content/TreesandWinds/Enemys/Dog/Animation/Attack/Dog_Attack_4.uexp" 843
"D:/GameDev/Treesandwinds/UE5-Project/Treesandwinds/Content/TreesandWinds/Enemys/Dog/Animation/Attack/FB_Dog_Attack.uasset" 844
"D:/GameDev/Treesandwinds/UE5-Project/Treesandwinds/Content/TreesandWinds/Enemys/Dog/Animation/Attack/FB_Dog_Attack.uexp" 845
"D:/GameDev/Treesandwinds/UE5-Project/Treesandwinds/Content/TreesandWinds/MainCharacter/BP_MainController.uasset" 846
"D:/GameDev/Treesandwinds/UE5-Project/Treesandwinds/Content/TreesandWinds/MainCharacter/BP_MainController.uexp" 847
"D:/GameDev/Treesandwinds/UE5-Project/Treesandwinds/Content/TreesandWinds/MainCharacter/Animations/Sprites/Warrior_SheetnoEffect.uasset" 848
"D:/GameDev/Treesandwinds/UE5-Project/Treesandwinds/Content/TreesandWinds/MainCharacter/Animations/Sprites/Warrior_SheetnoEffect.uexp" 849
"D:/GameDev/Treesandwinds/UE5-Project/Treesandwinds/Content/TreesandWinds/MainCharacter/Animations/Sprites/Sprites/Warrior_SheetnoEffect_Sprite_6.uasset" 850
"D:/GameDev/Treesandwinds/UE5-Project/Treesandwinds/Content/TreesandWinds/MainCharacter/Animations/Sprites/Sprites/Warrior_SheetnoEffect_Sprite_6.uexp" 851
"D:/GameDev/Treesandwinds/UE5-Project/Treesandwinds/Content/TreesandWinds/MainCharacter/Animations/Sprites/Sprites/Warrior_SheetnoEffect_Sprite_7.uasset" 852
"D:/GameDev/Treesandwinds/UE5-Project/Treesandwinds/Content/TreesandWinds/MainCharacter/Animations/Sprites/Sprites/Warrior_SheetnoEffect_Sprite_7.uexp" 853
"D:/GameDev/Treesandwinds/UE5-Project/Treesandwinds/Content/TreesandWinds/MainCharacter/Animations/Sprites/Sprites/Warrior_SheetnoEffect_Sprite_8.uasset" 854
"D:/GameDev/Treesandwinds/UE5-Project/Treesandwinds/Content/TreesandWinds/MainCharacter/Animations/Sprites/Sprites/Warrior_SheetnoEffect_Sprite_8.uexp" 855
"D:/GameDev/Treesandwinds/UE5-Project/Treesandwinds/Content/TreesandWinds/MainCharacter/Animations/Sprites/Sprites/Warrior_SheetnoEffect_Sprite_9.uasset" 856
"D:/GameDev/Treesandwinds/UE5-Project/Treesandwinds/Content/TreesandWinds/MainCharacter/Animations/Sprites/Sprites/Warrior_SheetnoEffect_Sprite_9.uexp" 857
"D:/GameDev/Treesandwinds/UE5-Project/Treesandwinds/Content/TreesandWinds/MainCharacter/Animations/Sprites/Sprites/Warrior_SheetnoEffect_Sprite_10.uasset" 858
"D:/GameDev/Treesandwinds/UE5-Project/Treesandwinds/Content/TreesandWinds/MainCharacter/Animations/Sprites/Sprites/Warrior_SheetnoEffect_Sprite_10.uexp" 859
"D:/GameDev/Treesandwinds/UE5-Project/Treesandwinds/Content/TreesandWinds/MainCharacter/Animations/Sprites/Sprites/Warrior_SheetnoEffect_Sprite_11.uasset" 860
"D:/GameDev/Treesandwinds/UE5-Project/Treesandwinds/Content/TreesandWinds/MainCharacter/Animations/Sprites/Sprites/Warrior_SheetnoEffect_Sprite_11.uexp" 861
"D:/GameDev/Treesandwinds/UE5-Project/Treesandwinds/Content/TreesandWinds/MainCharacter/Animations/Sprites/Sprites/Warrior_SheetnoEffect_Sprite_12.uasset" 862
"D:/GameDev/Treesandwinds/UE5-Project/Treesandwinds/Content/TreesandWinds/MainCharacter/Animations/Sprites/Sprites/Warrior_SheetnoEffect_Sprite_12.uexp" 863
"D:/GameDev/Treesandwinds/UE5-Project/Treesandwinds/Content/TreesandWinds/MainCharacter/Animations/Sprites/Sprites/Warrior_SheetnoEffect_Sprite_13.uasset" 864
"D:/GameDev/Treesandwinds/UE5-Project/Treesandwinds/Content/TreesandWinds/MainCharacter/Animations/Sprites/Sprites/Warrior_SheetnoEffect_Sprite_13.uexp" 865
"D:/GameDev/Treesandwinds/UE5-Project/Treesandwinds/Content/TreesandWinds/MainCharacter/Animations/FB_Run.uasset" 866
"D:/GameDev/Treesandwinds/UE5-Project/Treesandwinds/Content/TreesandWinds/MainCharacter/Animations/FB_Run.uexp" 867
"D:/GameDev/Treesandwinds/UE5-Project/Treesandwinds/Content/TreesandWinds/MainCharacter/Input/Inputs/AI_StartingOrFinishingClimbing.uasset" 868
"D:/GameDev/Treesandwinds/UE5-Project/Treesandwinds/Content/TreesandWinds/MainCharacter/Input/Inputs/AI_StartingOrFinishingClimbing.uexp" 869
"D:/GameDev/Treesandwinds/UE5-Project/Treesandwinds/Content/TreesandWinds/MainCharacter/Animations/Sprites/Warrior_SheetnoEffect_Sprite_108.uasset" 870
"D:/GameDev/Treesandwinds/UE5-Project/Treesandwinds/Content/TreesandWinds/MainCharacter/Animations/Sprites/Warrior_SheetnoEffect_Sprite_108.uexp" 871
"D:/GameDev/Treesandwinds/UE5-Project/Treesandwinds/Content/TreesandWinds/MainCharacter/Animations/Sprites/Warrior_SheetnoEffect_Sprite_109.uasset" 872
"D:/GameDev/Treesandwinds/UE5-Project/Treesandwinds/Content/TreesandWinds/MainCharacter/Animations/Sprites/Warrior_SheetnoEffect_Sprite_109.uexp" 873
"D:/GameDev/Treesandwinds/UE5-Project/Treesandwinds/Content/TreesandWinds/MainCharacter/Animations/Sprites/Warrior_SheetnoEffect_Sprite_110.uasset" 874
"D:/GameDev/Treesandwinds/UE5-Project/Treesandwinds/Content/TreesandWinds/MainCharacter/Animations/Sprites/Warrior_SheetnoEffect_Sprite_110.uexp" 875
"D:/GameDev/Treesandwinds/UE5-Project/Treesandwinds/Content/TreesandWinds/MainCharacter/Animations/Sprites/Warrior_SheetnoEffect_Sprite_113.uasset" 876
"D:/GameDev/Treesandwinds/UE5-Project/Treesandwinds/Content/TreesandWinds/MainCharacter/Animations/Sprites/Warrior_SheetnoEffect_Sprite_113.uexp" 877
"D:/GameDev/Treesandwinds/UE5-Project/Treesandwinds/Content/TreesandWinds/MainCharacter/Animations/Sprites/Warrior_SheetnoEffect_Sprite_114.uasset" 878
"D:/GameDev/Treesandwinds/UE5-Project/Treesandwinds/Content/TreesandWinds/MainCharacter/Animations/Sprites/Warrior_SheetnoEffect_Sprite_114.uexp" 879
"D:/GameDev/Treesandwinds/UE5-Project/Treesandwinds/Content/TreesandWinds/MainCharacter/Animations/FB_Swing.uasset" 880
"D:/GameDev/Treesandwinds/UE5-Project/Treesandwinds/Content/TreesandWinds/MainCharacter/Animations/FB_Swing.uexp" 881
"../../../Engine/Content/BasicShapes/Sphere.ubulk" 882
"../../../Engine/Content/BasicShapes/Sphere.uasset" 883
"../../../Engine/Content/BasicShapes/Sphere.uexp" 884
"../../../Engine/Content/BasicShapes/BasicShapeMaterial.uasset" 885
"../../../Engine/Content/BasicShapes/BasicShapeMaterial.uexp" 886
"D:/GameDev/Treesandwinds/UE5-Project/Treesandwinds/Content/TreesandWinds/Trees/Sprite/Branch.uasset" 887
"D:/GameDev/Treesandwinds/UE5-Project/Treesandwinds/Content/TreesandWinds/Trees/Sprite/Branch.uexp" 888
"D:/GameDev/Treesandwinds/UE5-Project/Treesandwinds/Content/TreesandWinds/Trees/Sprite/Branch_Sprite.uasset" 889
"D:/GameDev/Treesandwinds/UE5-Project/Treesandwinds/Content/TreesandWinds/Trees/Sprite/Branch_Sprite.uexp" 890
"D:/GameDev/Treesandwinds/UE5-Project/Treesandwinds/Content/TreesandWinds/Trees/BP_Branch_Base.uasset" 891
"D:/GameDev/Treesandwinds/UE5-Project/Treesandwinds/Content/TreesandWinds/Trees/BP_Branch_Base.uexp" 892
"D:/GameDev/Treesandwinds/UE5-Project/Treesandwinds/Content/TreesandWinds/DATA/BP_interface.uasset" 893
"D:/GameDev/Treesandwinds/UE5-Project/Treesandwinds/Content/TreesandWinds/DATA/BP_interface.uexp" 894
"D:/GameDev/Treesandwinds/UE5-Project/Treesandwinds/Content/TreesandWinds/Trees/BP_BFG.uasset" 895
"D:/GameDev/Treesandwinds/UE5-Project/Treesandwinds/Content/TreesandWinds/Trees/BP_BFG.uexp" 896
"D:/GameDev/Treesandwinds/UE5-Project/Treesandwinds/Content/TreesandWinds/MainCharacter/Animations/Sprites/Sprites/Warrior_SheetnoEffect_Sprite_96.uasset" 897
"D:/GameDev/Treesandwinds/UE5-Project/Treesandwinds/Content/TreesandWinds/MainCharacter/Animations/Sprites/Sprites/Warrior_SheetnoEffect_Sprite_96.uexp" 898
"D:/GameDev/Treesandwinds/UE5-Project/Treesandwinds/Content/TreesandWinds/MainCharacter/Animations/Sprites/Sprites/Warrior_SheetnoEffect_Sprite_97.uasset" 899
"D:/GameDev/Treesandwinds/UE5-Project/Treesandwinds/Content/TreesandWinds/MainCharacter/Animations/Sprites/Sprites/Warrior_SheetnoEffect_Sprite_97.uexp" 900
"D:/GameDev/Treesandwinds/UE5-Project/Treesandwinds/Content/TreesandWinds/MainCharacter/Animations/Sprites/Sprites/Warrior_SheetnoEffect_Sprite_98.uasset" 901
"D:/GameDev/Treesandwinds/UE5-Project/Treesandwinds/Content/TreesandWinds/MainCharacter/Animations/Sprites/Sprites/Warrior_SheetnoEffect_Sprite_98.uexp" 902
"D:/GameDev/Treesandwinds/UE5-Project/Treesandwinds/Content/TreesandWinds/MainCharacter/Animations/Sprites/Sprites/Warrior_SheetnoEffect_Sprite_99.uasset" 903
"D:/GameDev/Treesandwinds/UE5-Project/Treesandwinds/Content/TreesandWinds/MainCharacter/Animations/Sprites/Sprites/Warrior_SheetnoEffect_Sprite_99.uexp" 904
"D:/GameDev/Treesandwinds/UE5-Project/Treesandwinds/Content/TreesandWinds/MainCharacter/Animations/Sprites/Sprites/Warrior_SheetnoEffect_Sprite_100.uasset" 905
"D:/GameDev/Treesandwinds/UE5-Project/Treesandwinds/Content/TreesandWinds/MainCharacter/Animations/Sprites/Sprites/Warrior_SheetnoEffect_Sprite_100.uexp" 906
"D:/GameDev/Treesandwinds/UE5-Project/Treesandwinds/Content/TreesandWinds/MainCharacter/Animations/Sprites/Sprites/Warrior_SheetnoEffect_Sprite_101.uasset" 907
"D:/GameDev/Treesandwinds/UE5-Project/Treesandwinds/Content/TreesandWinds/MainCharacter/Animations/Sprites/Sprites/Warrior_SheetnoEffect_Sprite_101.uexp" 908
"D:/GameDev/Treesandwinds/UE5-Project/Treesandwinds/Content/TreesandWinds/MainCharacter/Animations/Sprites/Sprites/Warrior_SheetnoEffect_Sprite_102.uasset" 909
"D:/GameDev/Treesandwinds/UE5-Project/Treesandwinds/Content/TreesandWinds/MainCharacter/Animations/Sprites/Sprites/Warrior_SheetnoEffect_Sprite_102.uexp" 910
"D:/GameDev/Treesandwinds/UE5-Project/Treesandwinds/Content/TreesandWinds/MainCharacter/Animations/Sprites/Sprites/Warrior_SheetnoEffect_Sprite_103.uasset" 911
"D:/GameDev/Treesandwinds/UE5-Project/Treesandwinds/Content/TreesandWinds/MainCharacter/Animations/Sprites/Sprites/Warrior_SheetnoEffect_Sprite_103.uexp" 912
"D:/GameDev/Treesandwinds/UE5-Project/Treesandwinds/Content/TreesandWinds/MainCharacter/Animations/FB_Jump.uasset" 913
"D:/GameDev/Treesandwinds/UE5-Project/Treesandwinds/Content/TreesandWinds/MainCharacter/Animations/FB_Jump.uexp" 914
"D:/GameDev/Treesandwinds/UE5-Project/Treesandwinds/Content/TreesandWinds/MainCharacter/Input/Inputs/AI_Climbing_Right-Left.uasset" 915
"D:/GameDev/Treesandwinds/UE5-Project/Treesandwinds/Content/TreesandWinds/MainCharacter/Input/Inputs/AI_Climbing_Right-Left.uexp" 916
"D:/GameDev/Treesandwinds/UE5-Project/Treesandwinds/Content/TreesandWinds/MainCharacter/Animations/Sprites/Sprites/Warrior_SheetnoEffect_Sprite_0.uasset" 917
"D:/GameDev/Treesandwinds/UE5-Project/Treesandwinds/Content/TreesandWinds/MainCharacter/Animations/Sprites/Sprites/Warrior_SheetnoEffect_Sprite_0.uexp" 918
"D:/GameDev/Treesandwinds/UE5-Project/Treesandwinds/Content/TreesandWinds/MainCharacter/Animations/Sprites/Sprites/Warrior_SheetnoEffect_Sprite_1.uasset" 919
"D:/GameDev/Treesandwinds/UE5-Project/Treesandwinds/Content/TreesandWinds/MainCharacter/Animations/Sprites/Sprites/Warrior_SheetnoEffect_Sprite_1.uexp" 920
"D:/GameDev/Treesandwinds/UE5-Project/Treesandwinds/Content/TreesandWinds/MainCharacter/Animations/Sprites/Sprites/Warrior_SheetnoEffect_Sprite_2.uasset" 921
"D:/GameDev/Treesandwinds/UE5-Project/Treesandwinds/Content/TreesandWinds/MainCharacter/Animations/Sprites/Sprites/Warrior_SheetnoEffect_Sprite_2.uexp" 922
"D:/GameDev/Treesandwinds/UE5-Project/Treesandwinds/Content/TreesandWinds/MainCharacter/Animations/Sprites/Sprites/Warrior_SheetnoEffect_Sprite_3.uasset" 923
"D:/GameDev/Treesandwinds/UE5-Project/Treesandwinds/Content/TreesandWinds/MainCharacter/Animations/Sprites/Sprites/Warrior_SheetnoEffect_Sprite_3.uexp" 924
"D:/GameDev/Treesandwinds/UE5-Project/Treesandwinds/Content/TreesandWinds/MainCharacter/Animations/Sprites/Sprites/Warrior_SheetnoEffect_Sprite_4.uasset" 925
"D:/GameDev/Treesandwinds/UE5-Project/Treesandwinds/Content/TreesandWinds/MainCharacter/Animations/Sprites/Sprites/Warrior_SheetnoEffect_Sprite_4.uexp" 926
"D:/GameDev/Treesandwinds/UE5-Project/Treesandwinds/Content/TreesandWinds/MainCharacter/Animations/Sprites/Sprites/Warrior_SheetnoEffect_Sprite_5.uasset" 927
"D:/GameDev/Treesandwinds/UE5-Project/Treesandwinds/Content/TreesandWinds/MainCharacter/Animations/Sprites/Sprites/Warrior_SheetnoEffect_Sprite_5.uexp" 928
"D:/GameDev/Treesandwinds/UE5-Project/Treesandwinds/Content/TreesandWinds/MainCharacter/Animations/FB_Idle.uasset" 929
"D:/GameDev/Treesandwinds/UE5-Project/Treesandwinds/Content/TreesandWinds/MainCharacter/Animations/FB_Idle.uexp" 930
"D:/GameDev/Treesandwinds/UE5-Project/Treesandwinds/Content/TreesandWinds/MainCharacter/Input/Inputs/AI_Climbing_Up-Down.uasset" 931
"D:/GameDev/Treesandwinds/UE5-Project/Treesandwinds/Content/TreesandWinds/MainCharacter/Input/Inputs/AI_Climbing_Up-Down.uexp" 932
"D:/GameDev/Treesandwinds/UE5-Project/Treesandwinds/Content/TreesandWinds/MainCharacter/Input/Inputs/AI_PushingForce.uasset" 933
"D:/GameDev/Treesandwinds/UE5-Project/Treesandwinds/Content/TreesandWinds/MainCharacter/Input/Inputs/AI_PushingForce.uexp" 934
"D:/GameDev/Treesandwinds/UE5-Project/Treesandwinds/Content/TreesandWinds/MainCharacter/Input/Inputs/AI_Move.uasset" 935
"D:/GameDev/Treesandwinds/UE5-Project/Treesandwinds/Content/TreesandWinds/MainCharacter/Input/Inputs/AI_Move.uexp" 936
"D:/GameDev/Treesandwinds/UE5-Project/Treesandwinds/Content/TreesandWinds/MainCharacter/Input/Inputs/AI_Jump.uasset" 937
"D:/GameDev/Treesandwinds/UE5-Project/Treesandwinds/Content/TreesandWinds/MainCharacter/Input/Inputs/AI_Jump.uexp" 938
"D:/GameDev/Treesandwinds/UE5-Project/Treesandwinds/Content/TreesandWinds/MainCharacter/Input/IMC_Climbing.uasset" 939
"D:/GameDev/Treesandwinds/UE5-Project/Treesandwinds/Content/TreesandWinds/MainCharacter/Input/IMC_Climbing.uexp" 940
"D:/GameDev/Treesandwinds/UE5-Project/Treesandwinds/Content/TreesandWinds/DATA/BP_Game_Instance.uasset" 941
"D:/GameDev/Treesandwinds/UE5-Project/Treesandwinds/Content/TreesandWinds/DATA/BP_Game_Instance.uexp" 942
"../../../Engine/Content/EngineFonts/Faces/DroidSansMono.uexp" 943
"../../../Engine/Content/EngineFonts/Faces/DroidSansMono.uasset" 944
"../../../Engine/Content/EngineFonts/Faces/DroidSansMono.ufont" 945
"../../../Engine/Content/EngineFonts/DroidSansMono.uasset" 946
"../../../Engine/Content/EngineFonts/DroidSansMono.uexp" 947
"D:/GameDev/Treesandwinds/UE5-Project/Treesandwinds/Content/TreesandWinds/DATA/WBP_MainMenu.uasset" 948
"D:/GameDev/Treesandwinds/UE5-Project/Treesandwinds/Content/TreesandWinds/DATA/WBP_MainMenu.uexp" 949
"D:/GameDev/Treesandwinds/UE5-Project/Treesandwinds/Content/TreesandWinds/MainCharacter/Input/IMC_Move.uasset" 950
"D:/GameDev/Treesandwinds/UE5-Project/Treesandwinds/Content/TreesandWinds/MainCharacter/Input/IMC_Move.uexp" 951
"D:/GameDev/Treesandwinds/UE5-Project/Treesandwinds/Content/TreesandWinds/MainCharacter/BP_MainCharacter.uasset" 952
"D:/GameDev/Treesandwinds/UE5-Project/Treesandwinds/Content/TreesandWinds/MainCharacter/BP_MainCharacter.uexp" 953
"D:/GameDev/Treesandwinds/UE5-Project/Treesandwinds/Content/TreesandWinds/Enemys/Dog/AIC_Dog.uasset" 954
"D:/GameDev/Treesandwinds/UE5-Project/Treesandwinds/Content/TreesandWinds/Enemys/Dog/AIC_Dog.uexp" 955
"D:/GameDev/Treesandwinds/UE5-Project/Treesandwinds/Content/TreesandWinds/Enemys/Dog/Animation/Idle/Idle.uasset" 956
"D:/GameDev/Treesandwinds/UE5-Project/Treesandwinds/Content/TreesandWinds/Enemys/Dog/Animation/Idle/Idle.uexp" 957
"D:/GameDev/Treesandwinds/UE5-Project/Treesandwinds/Content/TreesandWinds/Enemys/Dog/Animation/Idle/Dog_Idle_0.uasset" 958
"D:/GameDev/Treesandwinds/UE5-Project/Treesandwinds/Content/TreesandWinds/Enemys/Dog/Animation/Idle/Dog_Idle_0.uexp" 959
"D:/GameDev/Treesandwinds/UE5-Project/Treesandwinds/Content/TreesandWinds/Enemys/Dog/Animation/Idle/Dog_Idle_1.uasset" 960
"D:/GameDev/Treesandwinds/UE5-Project/Treesandwinds/Content/TreesandWinds/Enemys/Dog/Animation/Idle/Dog_Idle_1.uexp" 961
"D:/GameDev/Treesandwinds/UE5-Project/Treesandwinds/Content/TreesandWinds/Enemys/Dog/Animation/Idle/Dog_Idle_2.uasset" 962
"D:/GameDev/Treesandwinds/UE5-Project/Treesandwinds/Content/TreesandWinds/Enemys/Dog/Animation/Idle/Dog_Idle_2.uexp" 963
"D:/GameDev/Treesandwinds/UE5-Project/Treesandwinds/Content/TreesandWinds/Enemys/Dog/Animation/Idle/Dog_Idle_3.uasset" 964
"D:/GameDev/Treesandwinds/UE5-Project/Treesandwinds/Content/TreesandWinds/Enemys/Dog/Animation/Idle/Dog_Idle_3.uexp" 965
"D:/GameDev/Treesandwinds/UE5-Project/Treesandwinds/Content/TreesandWinds/Enemys/Dog/Animation/Idle/FB_Dog_Idle.uasset" 966
"D:/GameDev/Treesandwinds/UE5-Project/Treesandwinds/Content/TreesandWinds/Enemys/Dog/Animation/Idle/FB_Dog_Idle.uexp" 967
"D:/GameDev/Treesandwinds/UE5-Project/Treesandwinds/Content/TreesandWinds/Enemys/Dog/BP_Dog.uasset" 968
"D:/GameDev/Treesandwinds/UE5-Project/Treesandwinds/Content/TreesandWinds/Enemys/Dog/BP_Dog.uexp" 969
"../../../Engine/Content/Functions/Engine_MaterialFunctions01/Shading/PowerToRoughness.uasset" 970
"../../../Engine/Content/Functions/Engine_MaterialFunctions01/Shading/PowerToRoughness.uexp" 971
"../../../Engine/Content/Functions/Engine_MaterialFunctions01/Shading/ConvertFromDiffSpec.uasset" 972
"../../../Engine/Content/Functions/Engine_MaterialFunctions01/Shading/ConvertFromDiffSpec.uexp" 973
"../../../Engine/Content/EngineMaterials/Substrate/Volume/SubstrateSimpleVolumeLUT3D.uasset" 974
"../../../Engine/Content/EngineMaterials/Substrate/Volume/SubstrateSimpleVolumeLUT3D.uexp" 975
"../../../Engine/Content/EngineMaterials/Substrate/Volume/SubstrateSimpleVolumeEnvLUT3D.uasset" 976
"../../../Engine/Content/EngineMaterials/Substrate/Volume/SubstrateSimpleVolumeEnvLUT3D.uexp" 977
"../../../Engine/Content/EngineMaterials/Substrate/GLints2/AGlintTex2dArray2.uasset" 978
"../../../Engine/Content/EngineMaterials/Substrate/GLints2/AGlintTex2dArray2.uexp" 979
"../../../Engine/Content/EngineMaterials/Substrate/GLints/AGlintTex2dArray.uasset" 980
"../../../Engine/Content/EngineMaterials/Substrate/GLints/AGlintTex2dArray.uexp" 981
"D:/GameDev/Treesandwinds/UE5-Project/Treesandwinds/Content/TreesandWinds/MainCharacter/Animations/Sprites/Warrior_SheetnoEffect_Sprite_112.uasset" 982
"D:/GameDev/Treesandwinds/UE5-Project/Treesandwinds/Content/TreesandWinds/MainCharacter/Animations/Sprites/Warrior_SheetnoEffect_Sprite_112.uexp" 983
"D:/GameDev/Treesandwinds/UE5-Project/Treesandwinds/Content/TreesandWinds/MainCharacter/Animations/Sprites/Warrior_SheetnoEffect_Sprite_111.uasset" 984
"D:/GameDev/Treesandwinds/UE5-Project/Treesandwinds/Content/TreesandWinds/MainCharacter/Animations/Sprites/Warrior_SheetnoEffect_Sprite_111.uexp" 985
"D:/GameDev/Treesandwinds/UE5-Project/Treesandwinds/Content/TreesandWinds/MainCharacter/Animations/Sprites/Warrior_SheetnoEffect_Sprite_107.uasset" 986
"D:/GameDev/Treesandwinds/UE5-Project/Treesandwinds/Content/TreesandWinds/MainCharacter/Animations/Sprites/Warrior_SheetnoEffect_Sprite_107.uexp" 987
"D:/GameDev/Treesandwinds/UE5-Project/Treesandwinds/Content/TreesandWinds/MainCharacter/Animations/Sprites/Warrior_SheetnoEffect_Sprite_106.uasset" 988
"D:/GameDev/Treesandwinds/UE5-Project/Treesandwinds/Content/TreesandWinds/MainCharacter/Animations/Sprites/Warrior_SheetnoEffect_Sprite_106.uexp" 989
"D:/GameDev/Treesandwinds/UE5-Project/Treesandwinds/Content/TreesandWinds/MainCharacter/Animations/Sprites/Warrior_SheetnoEffect_Sprite_105.uasset" 990
"D:/GameDev/Treesandwinds/UE5-Project/Treesandwinds/Content/TreesandWinds/MainCharacter/Animations/Sprites/Warrior_SheetnoEffect_Sprite_105.uexp" 991
"../../../Engine/Content/Maps/Entry_BuiltData.uasset" 992
"../../../Engine/Content/Maps/Entry_BuiltData.uexp" 993
"../../../Engine/Content/Maps/Entry.uexp" 994
"../../../Engine/Content/Maps/Entry.umap" 995
"../../../Engine/Content/BasicShapes/Cube.ubulk" 996
"../../../Engine/Content/BasicShapes/Cube.uasset" 997
"../../../Engine/Content/BasicShapes/Cube.uexp" 998
"D:/GameDev/Treesandwinds/UE5-Project/Treesandwinds/Content/TreesandWinds/Trees/BP_BFB_Left.uasset" 999
"D:/GameDev/Treesandwinds/UE5-Project/Treesandwinds/Content/TreesandWinds/Trees/BP_BFB_Left.uexp" 1000
"D:/GameDev/Treesandwinds/UE5-Project/Treesandwinds/Content/TreesandWinds/Trees/BP_BFB_Right.uasset" 1001
"D:/GameDev/Treesandwinds/UE5-Project/Treesandwinds/Content/TreesandWinds/Trees/BP_BFB_Right.uexp" 1002
"D:/GameDev/Treesandwinds/UE5-Project/Treesandwinds/Content/TreesandWinds/Trees/TreesGenerator/BP_TreeGenerator_Typical1.uasset" 1003
"D:/GameDev/Treesandwinds/UE5-Project/Treesandwinds/Content/TreesandWinds/Trees/TreesGenerator/BP_TreeGenerator_Typical1.uexp" 1004
"../../../Engine/Content/BasicShapes/Plane.ubulk" 1005
"../../../Engine/Content/BasicShapes/Plane.uasset" 1006
"../../../Engine/Content/BasicShapes/Plane.uexp" 1007
"D:/GameDev/Treesandwinds/UE5-Project/Treesandwinds/Content/TreesandWinds/Maps/BP_Plane.uasset" 1008
"D:/GameDev/Treesandwinds/UE5-Project/Treesandwinds/Content/TreesandWinds/Maps/BP_Plane.uexp" 1009
"D:/GameDev/Treesandwinds/UE5-Project/Treesandwinds/Content/TreesandWinds/DATA/WBP_Game_Over.uasset" 1010
"D:/GameDev/Treesandwinds/UE5-Project/Treesandwinds/Content/TreesandWinds/DATA/WBP_Game_Over.uexp" 1011
"D:/GameDev/Treesandwinds/UE5-Project/Treesandwinds/Content/TreesandWinds/DATA/GM_MainGame.uasset" 1012
"D:/GameDev/Treesandwinds/UE5-Project/Treesandwinds/Content/TreesandWinds/DATA/GM_MainGame.uexp" 1013
"D:/GameDev/Treesandwinds/UE5-Project/Treesandwinds/Content/TreesandWinds/Maps/MainLevel2d.uexp" 1014
"D:/GameDev/Treesandwinds/UE5-Project/Treesandwinds/Content/TreesandWinds/Maps/MainLevel2d.umap" 1015
